C:\Users\os\Documents\MCUXpressoIDE_11.8.0_1165\2_13_RT1160\RTU_freertos_lpuart_cm7\CMSIS/mpu_armv7.h:191:22:ARM_MPU_Enable	16	static
C:\Users\os\Documents\MCUXpressoIDE_11.8.0_1165\2_13_RT1160\RTU_freertos_lpuart_cm7\CMSIS/mpu_armv7.h:204:22:ARM_MPU_Disable	4	static
C:\Users\os\Documents\MCUXpressoIDE_11.8.0_1165\2_13_RT1160\RTU_freertos_lpuart_cm7\drivers/fsl_clock.h:2036:24:CLOCK_GetRootClockMux	16	static
C:\Users\os\Documents\MCUXpressoIDE_11.8.0_1165\2_13_RT1160\RTU_freertos_lpuart_cm7\drivers/fsl_clock.h:2077:24:CLOCK_GetRootClockDiv	16	static
C:\Users\os\Documents\MCUXpressoIDE_11.8.0_1165\2_13_RT1160\RTU_freertos_lpuart_cm7\drivers/fsl_clock.h:2205:24:CLOCK_GetRootClockFreq	32	static
../board/board.c:24:10:BOARD_DebugConsoleSrcFreq	8	static
../board/board.c:36:6:BOARD_InitDebugConsole	16	static
../board/board.c:262:6:BOARD_ConfigMPU	48	static
../board/board.c:662:6:BOARD_SD_Pin_Config	16	static
../board/board.c:666:6:BOARD_MMC_Pin_Config	16	static
