Archive member included to satisfy reference by file (symbol)

d:/expressmcu/ide/plugins/com.nxp.mcuxpresso.tools.win32_11.8.0.202306131047/tools/bin/../lib/gcc/arm-none-eabi/12.2.1/../../../../arm-none-eabi/lib/thumb/v7e-m+dp/hard\libcr_nohost_nf.a(_cr__main.o)
                              ./startup/startup_mimxrt1166_cm7.o (__main)
d:/expressmcu/ide/plugins/com.nxp.mcuxpresso.tools.win32_11.8.0.202306131047/tools/bin/../lib/gcc/arm-none-eabi/12.2.1/../../../../arm-none-eabi/lib/thumb/v7e-m+dp/hard\libcr_c.a(memcpy.o)
                              ./utilities/fsl_str.o (memcpy)
d:/expressmcu/ide/plugins/com.nxp.mcuxpresso.tools.win32_11.8.0.202306131047/tools/bin/../lib/gcc/arm-none-eabi/12.2.1/../../../../arm-none-eabi/lib/thumb/v7e-m+dp/hard\libcr_c.a(memset.o)
                              ./utilities/fsl_debug_console.o (memset)
d:/expressmcu/ide/plugins/com.nxp.mcuxpresso.tools.win32_11.8.0.202306131047/tools/bin/../lib/gcc/arm-none-eabi/12.2.1/../../../../arm-none-eabi/lib/thumb/v7e-m+dp/hard\libcr_c.a(alloc.o)
                              ./drivers/fsl_common.o (malloc)
d:/expressmcu/ide/plugins/com.nxp.mcuxpresso.tools.win32_11.8.0.202306131047/tools/bin/../lib/gcc/arm-none-eabi/12.2.1/../../../../arm-none-eabi/lib/thumb/v7e-m+dp/hard\libcr_c.a(errno.o)
                              ./utilities/fsl_str.o (errno)
d:/expressmcu/ide/plugins/com.nxp.mcuxpresso.tools.win32_11.8.0.202306131047/tools/bin/../lib/gcc/arm-none-eabi/12.2.1/../../../../arm-none-eabi/lib/thumb/v7e-m+dp/hard\libcr_c.a(initio.o)
                              d:/expressmcu/ide/plugins/com.nxp.mcuxpresso.tools.win32_11.8.0.202306131047/tools/bin/../lib/gcc/arm-none-eabi/12.2.1/../../../../arm-none-eabi/lib/thumb/v7e-m+dp/hard\libcr_nohost_nf.a(_cr__main.o) (_initio)
d:/expressmcu/ide/plugins/com.nxp.mcuxpresso.tools.win32_11.8.0.202306131047/tools/bin/../lib/gcc/arm-none-eabi/12.2.1/../../../../arm-none-eabi/lib/thumb/v7e-m+dp/hard\libcr_c.a(scanf.o)
                              ./utilities/fsl_str.o (strtoul)
d:/expressmcu/ide/plugins/com.nxp.mcuxpresso.tools.win32_11.8.0.202306131047/tools/bin/../lib/gcc/arm-none-eabi/12.2.1/../../../../arm-none-eabi/lib/thumb/v7e-m+dp/hard\libcr_c.a(setvbuf.o)
                              d:/expressmcu/ide/plugins/com.nxp.mcuxpresso.tools.win32_11.8.0.202306131047/tools/bin/../lib/gcc/arm-none-eabi/12.2.1/../../../../arm-none-eabi/lib/thumb/v7e-m+dp/hard\libcr_c.a(initio.o) (setvbuf)
d:/expressmcu/ide/plugins/com.nxp.mcuxpresso.tools.win32_11.8.0.202306131047/tools/bin/../lib/gcc/arm-none-eabi/12.2.1/../../../../arm-none-eabi/lib/thumb/v7e-m+dp/hard\libcr_c.a(strlen.o)
                              ./utilities/fsl_str.o (strlen)
d:/expressmcu/ide/plugins/com.nxp.mcuxpresso.tools.win32_11.8.0.202306131047/tools/bin/../lib/gcc/arm-none-eabi/12.2.1/../../../../arm-none-eabi/lib/thumb/v7e-m+dp/hard\libcr_c.a(ungetc.o)
                              d:/expressmcu/ide/plugins/com.nxp.mcuxpresso.tools.win32_11.8.0.202306131047/tools/bin/../lib/gcc/arm-none-eabi/12.2.1/../../../../arm-none-eabi/lib/thumb/v7e-m+dp/hard\libcr_c.a(scanf.o) (ungetc)
d:/expressmcu/ide/plugins/com.nxp.mcuxpresso.tools.win32_11.8.0.202306131047/tools/bin/../lib/gcc/arm-none-eabi/12.2.1/../../../../arm-none-eabi/lib/thumb/v7e-m+dp/hard\libcr_c.a(__fillbuf.o)
                              d:/expressmcu/ide/plugins/com.nxp.mcuxpresso.tools.win32_11.8.0.202306131047/tools/bin/../lib/gcc/arm-none-eabi/12.2.1/../../../../arm-none-eabi/lib/thumb/v7e-m+dp/hard\libcr_c.a(scanf.o) (__filbuf)
d:/expressmcu/ide/plugins/com.nxp.mcuxpresso.tools.win32_11.8.0.202306131047/tools/bin/../lib/gcc/arm-none-eabi/12.2.1/../../../../arm-none-eabi/lib/thumb/v7e-m+dp/hard\libcr_c.a(__init_alloc.o)
                              d:/expressmcu/ide/plugins/com.nxp.mcuxpresso.tools.win32_11.8.0.202306131047/tools/bin/../lib/gcc/arm-none-eabi/12.2.1/../../../../arm-none-eabi/lib/thumb/v7e-m+dp/hard\libcr_c.a(alloc.o) (__heaps)
d:/expressmcu/ide/plugins/com.nxp.mcuxpresso.tools.win32_11.8.0.202306131047/tools/bin/../lib/gcc/arm-none-eabi/12.2.1/../../../../arm-none-eabi/lib/thumb/v7e-m+dp/hard\libcr_c.a(_cr_sbrk.o)
                              d:/expressmcu/ide/plugins/com.nxp.mcuxpresso.tools.win32_11.8.0.202306131047/tools/bin/../lib/gcc/arm-none-eabi/12.2.1/../../../../arm-none-eabi/lib/thumb/v7e-m+dp/hard\libcr_c.a(alloc.o) (_sbrk)
d:/expressmcu/ide/plugins/com.nxp.mcuxpresso.tools.win32_11.8.0.202306131047/tools/bin/../lib/gcc/arm-none-eabi/12.2.1/../../../../arm-none-eabi/lib/thumb/v7e-m+dp/hard\libcr_c.a(_deferredlazyseek.o)
                              d:/expressmcu/ide/plugins/com.nxp.mcuxpresso.tools.win32_11.8.0.202306131047/tools/bin/../lib/gcc/arm-none-eabi/12.2.1/../../../../arm-none-eabi/lib/thumb/v7e-m+dp/hard\libcr_c.a(__fillbuf.o) (_deferredlazyseek)
[...]
Memory Configuration

Name             Origin             Length             Attributes
BOARD_FLASH      0x30000000         0x01000000         xr
SRAM_DTC_cm7     0x20000000         0x00040000         xrw
SRAM_ITC_cm7     0x00000000         0x00040000         xrw
SRAM_OC1         0x20240000         0x00010000         xrw
SRAM_OC2         0x202c0000         0x00008000         xrw
NCACHE_REGION    0x202c8000         0x00008000         xrw
BOARD_SDRAM      0x80000000         0x04000000         xrw
*default*        0x00000000         0xffffffff

Linker script and memory map

LOAD ./xip/evkmimxrt1160_flexspi_nor_config.o
LOAD ./xip/fsl_flexspi_nor_boot.o
LOAD ./utilities/fsl_assert.o
LOAD ./utilities/fsl_debug_console.o
LOAD ./utilities/fsl_str.o
LOAD ./startup/boot_multicore_slave.o
LOAD ./startup/startup_mimxrt1166_cm7.o
LOAD ./source/modbus/mb-check.o
LOAD ./source/modbus/mb-crc.o
LOAD ./source/modbus/mb-link.o
LOAD ./source/modbus/mb-packet.o
LOAD ./source/modbus/mb-process.o
LOAD ./source/modbus/mb-table.o
LOAD ./source/modbus/mb.o
LOAD ./source/freertos_lpuart.o
LOAD ./source/semihost_hardfault.o
LOAD ./freertos/freertos-kernel/portable/MemMang/heap_4.o
LOAD ./freertos/freertos-kernel/portable/GCC/ARM_CM4F/port.o
LOAD ./freertos/freertos-kernel/croutine.o
LOAD ./freertos/freertos-kernel/event_groups.o
LOAD ./freertos/freertos-kernel/list.o
LOAD ./freertos/freertos-kernel/queue.o
LOAD ./freertos/freertos-kernel/stream_buffer.o
LOAD ./freertos/freertos-kernel/tasks.o
LOAD ./freertos/freertos-kernel/timers.o
LOAD ./drivers/freertos/fsl_lpuart_freertos.o
LOAD ./drivers/fsl_anatop_ai.o
LOAD ./drivers/fsl_cache.o
LOAD ./drivers/fsl_clock.o
LOAD ./drivers/fsl_common.o
LOAD ./drivers/fsl_common_arm.o
LOAD ./drivers/fsl_dcdc.o
LOAD ./drivers/fsl_gpio.o
LOAD ./drivers/fsl_lpuart.o
LOAD ./drivers/fsl_pmu.o
LOAD ./device/system_MIMXRT1166_cm7.o
LOAD ./component/uart/fsl_adapter_lpuart.o
LOAD ./component/serial_manager/fsl_component_serial_manager.o
LOAD ./component/serial_manager/fsl_component_serial_port_uart.o
LOAD ./component/lists/fsl_component_generic_list.o
LOAD ./board/board.o
LOAD ./board/clock_config.o
LOAD ./board/dcd.o
LOAD ./board/pin_mux.o
START GROUP
LOAD d:/expressmcu/ide/plugins/com.nxp.mcuxpresso.tools.win32_11.8.0.202306131047/tools/bin/../lib/gcc/arm-none-eabi/12.2.1/../../../../arm-none-eabi/lib/thumb/v7e-m+dp/hard\libcr_nohost_nf.a
LOAD d:/expressmcu/ide/plugins/com.nxp.mcuxpresso.tools.win32_11.8.0.202306131047/tools/bin/../lib/gcc/arm-none-eabi/12.2.1/../../../../arm-none-eabi/lib/thumb/v7e-m+dp/hard\libcr_c.a
LOAD d:/expressmcu/ide/plugins/com.nxp.mcuxpresso.tools.win32_11.8.0.202306131047/tools/bin/../lib/gcc/arm-none-eabi/12.2.1/thumb/v7e-m+dp/hard\libcr_eabihelpers.a
LOAD d:/expressmcu/ide/plugins/com.nxp.mcuxpresso.tools.win32_11.8.0.202306131047/tools/bin/../lib/gcc/arm-none-eabi/12.2.1/thumb/v7e-m+dp/hard\libgcc.a
END GROUP
                0x30000000                __base_BOARD_FLASH = 0x30000000
                0x30000000                __base_Flash = 0x30000000
                0x31000000                __top_BOARD_FLASH = 0x31000000
                0x31000000                __top_Flash = 0x31000000
                0x20000000                __base_SRAM_DTC_cm7 = 0x20000000
                0x20000000                __base_RAM = 0x20000000
                0x20040000                __top_SRAM_DTC_cm7 = 0x20040000
                0x20040000                __top_RAM = 0x20040000
                0x00000000                __base_SRAM_ITC_cm7 = 0x0
                0x00000000                __base_RAM2 = 0x0
                0x00040000                __top_SRAM_ITC_cm7 = 0x40000
                0x00040000                __top_RAM2 = 0x40000
                0x20240000                __base_SRAM_OC1 = 0x20240000
                0x20240000                __base_RAM3 = 0x20240000
                0x20250000                __top_SRAM_OC1 = 0x20250000
                0x20250000                __top_RAM3 = 0x20250000
                0x202c0000                __base_SRAM_OC2 = 0x202c0000
                0x202c0000                __base_RAM4 = 0x202c0000
                0x202c8000                __top_SRAM_OC2 = 0x202c8000
                0x202c8000                __top_RAM4 = 0x202c8000
                0x202c8000                __base_NCACHE_REGION = 0x202c8000
                0x202c8000                __base_RAM5 = 0x202c8000
                0x202d0000                __top_NCACHE_REGION = 0x202d0000
                0x202d0000                __top_RAM5 = 0x202d0000
                0x80000000                __base_BOARD_SDRAM = 0x80000000
                0x80000000                __base_RAM6 = 0x80000000
                0x84000000                __top_BOARD_SDRAM = 0x84000000
                0x84000000                __top_RAM6 = 0x84000000

.boot_hdr       0x30000000     0x2000
 FILL mask 0xff
                0x00000400                . = 0x400
 *fill*         0x30000000      0x400 ff
                0x30000400                __boot_hdr_start__ = ABSOLUTE (.)
 *(SORT_BY_ALIGNMENT(.boot_hdr.conf))
 .boot_hdr.conf
                0x30000400      0x200 ./xip/evkmimxrt1160_flexspi_nor_config.o
                0x30000400                qspiflash_config
                0x00001000                . = 0x1000
 *fill*         0x30000600      0xa00 ff
                0x30001000                __boot_hdr_ivt_loadaddr__ = ABSOLUTE (.)
 *(SORT_BY_ALIGNMENT(.boot_hdr.ivt))
 .boot_hdr.ivt  0x30001000       0x20 ./xip/fsl_flexspi_nor_boot.o
                0x30001000                image_vector_table
                0x00001020                . = 0x1020
                0x30001020                __boot_hdr_boot_data_loadaddr__ = ABSOLUTE (.)
 *(SORT_BY_ALIGNMENT(.boot_hdr.boot_data))
 .boot_hdr.boot_data
                0x30001020       0x10 ./xip/fsl_flexspi_nor_boot.o
                0x30001020                g_boot_data
                0x00001030                . = 0x1030
                0x30001030                __boot_hdr_dcd_loadaddr__ = ABSOLUTE (.)
 *(SORT_BY_ALIGNMENT(.boot_hdr.dcd_data))
                0x30001030                __boot_hdr_end__ = ABSOLUTE (.)
                0x00002000                . = 0x2000
 *fill*         0x30001030      0xfd0 ff

.text           0x30002000     0xb6d8
 FILL mask 0xff
                0x30002000                __vectors_start__ = ABSOLUTE (.)
 *(SORT_BY_ALIGNMENT(.isr_vector))
 .isr_vector    0x30002000      0x3a0 ./startup/startup_mimxrt1166_cm7.o
                0x30002000                g_pfnVectors
                0x30002000                __Vectors
                0x300023a0                . = ALIGN (0x4)
                0x300023a0                __section_table_start = .
                0x300023a0                __data_section_table = .
                0x300023a0        0x4 LONG 0x3000d6d8 LOADADDR (.data)
                0x300023a4        0x4 LONG 0x20000000 ADDR (.data)
                0x300023a8        0x4 LONG 0x48 SIZEOF (.data)
                0x300023ac        0x4 LONG 0x3000d6d8 LOADADDR (.data_RAM2)
                0x300023b0        0x4 LONG 0x0 ADDR (.data_RAM2)
                0x300023b4        0x4 LONG 0x0 SIZEOF (.data_RAM2)
                0x300023b8        0x4 LONG 0x3000d6d8 LOADADDR (.data_RAM3)
                0x300023bc        0x4 LONG 0x20240000 ADDR (.data_RAM3)
                0x300023c0        0x4 LONG 0x0 SIZEOF (.data_RAM3)
                0x300023c4        0x4 LONG 0x3000d6d8 LOADADDR (.data_RAM4)
                0x300023c8        0x4 LONG 0x202c0000 ADDR (.data_RAM4)
                0x300023cc        0x4 LONG 0x0 SIZEOF (.data_RAM4)
                0x300023d0        0x4 LONG 0x3000d6d8 LOADADDR (.data_RAM5)
                0x300023d4        0x4 LONG 0x202c8000 ADDR (.data_RAM5)
                0x300023d8        0x4 LONG 0x0 SIZEOF (.data_RAM5)
                0x300023dc        0x4 LONG 0x3000d6d8 LOADADDR (.data_RAM6)
                0x300023e0        0x4 LONG 0x80000000 ADDR (.data_RAM6)
                0x300023e4        0x4 LONG 0x0 SIZEOF (.data_RAM6)
                0x300023e8                __data_section_table_end = .
                0x300023e8                __bss_section_table = .
                0x300023e8        0x4 LONG 0x20000048 ADDR (.bss)
                0x300023ec        0x4 LONG 0x2bb4 SIZEOF (.bss)
                0x300023f0        0x4 LONG 0x0 ADDR (.bss_RAM2)
                0x300023f4        0x4 LONG 0x0 SIZEOF (.bss_RAM2)
                0x300023f8        0x4 LONG 0x20240000 ADDR (.bss_RAM3)
                0x300023fc        0x4 LONG 0x0 SIZEOF (.bss_RAM3)
                0x30002400        0x4 LONG 0x202c0000 ADDR (.bss_RAM4)
                0x30002404        0x4 LONG 0x0 SIZEOF (.bss_RAM4)
                0x30002408        0x4 LONG 0x202c8000 ADDR (.bss_RAM5)
                0x3000240c        0x4 LONG 0x0 SIZEOF (.bss_RAM5)
                0x30002410        0x4 LONG 0x80000000 ADDR (.bss_RAM6)
                0x30002414        0x4 LONG 0x0 SIZEOF (.bss_RAM6)
                0x30002418                __bss_section_table_end = .
                0x30002418                __section_table_end = .
 *(SORT_BY_ALIGNMENT(.after_vectors*))
 .after_vectors.init_data
                0x30002418       0x54 ./startup/startup_mimxrt1166_cm7.o
                0x30002418                data_init
 .after_vectors.init_bss
                0x3000246c       0x4c ./startup/startup_mimxrt1166_cm7.o
                0x3000246c                bss_init
 .after_vectors.reset
                0x300024b8       0x54 ./startup/startup_mimxrt1166_cm7.o
                0x300024b8                ResetISR
 .after_vectors
                0x3000250c       0x14 ./startup/startup_mimxrt1166_cm7.o
                0x3000250c                NMI_Handler
                0x30002510                MemManage_Handler
                0x30002512                BusFault_Handler
                0x30002514                UsageFault_Handler
                0x30002518                DebugMon_Handler
                0x3000251e                LPSPI2_DriverIRQHandler
                0x3000251e                FLEXSPI2_DriverIRQHandler
                0x3000251e                FLEXRAM_ECC_DriverIRQHandler
                0x3000251e                SAI3_RX_DriverIRQHandler
                0x3000251e                ADC_ETC_IRQ3_DriverIRQHandler
                0x3000251e                Reserved168_DriverIRQHandler
                0x3000251e                Reserved178_DriverIRQHandler
                0x3000251e                SNVS_HP_NON_TZ_DriverIRQHandler
                0x3000251e                PWM4_FAULT_DriverIRQHandler
                0x3000251e                DMA13_DMA29_DriverIRQHandler
                0x3000251e                Reserved185_DriverIRQHandler
                0x3000251e                FLEXRAM_DriverIRQHandler
                0x3000251e                KEY_MANAGER_DriverIRQHandler
                0x3000251e                LPSPI4_DriverIRQHandler
                0x3000251e                SEMC_DriverIRQHandler
                0x3000251e                SPDIF_DriverIRQHandler
                0x3000251e                PWM4_3_DriverIRQHandler
                0x3000251e                LPI2C5_DriverIRQHandler
                0x3000251e                TMPSNS_LOW_HIGH_DriverIRQHandler
                0x3000251e                DCIC1_DriverIRQHandler
                0x3000251e                RDC_DriverIRQHandler
                0x3000251e                GPIO3_Combined_0_15_DriverIRQHandler
                0x3000251e                Reserved167_DriverIRQHandler
                0x3000251e                CAN3_DriverIRQHandler
                0x3000251e                PIT2_DriverIRQHandler
                0x3000251e                CAAM_RTIC_DriverIRQHandler
                0x3000251e                OCOTP_READ_FUSE_ERROR_DriverIRQHandler
                0x3000251e                DMA7_DMA23_DriverIRQHandler
                0x3000251e                GPIO6_Combined_16_31_DriverIRQHandler
                0x3000251e                SAI4_TX_DriverIRQHandler
                0x3000251e                Reserved110_DriverIRQHandler
                0x3000251e                Reserved210_DriverIRQHandler
                0x3000251e                LPI2C3_DriverIRQHandler
                0x3000251e                GPR_IRQ_DriverIRQHandler
                0x3000251e                Reserved208_DriverIRQHandler
                0x3000251e                PWM2_FAULT_DriverIRQHandler
                0x3000251e                PWM3_1_DriverIRQHandler
                0x3000251e                SEMA4_CP1_DriverIRQHandler
                0x3000251e                DAC_DriverIRQHandler
                0x3000251e                ENET_1G_MAC0_Tx_Rx_1_DriverIRQHandler
                0x3000251e                XECC_FLEXSPI2_INT_DriverIRQHandler
                0x3000251e                LPSR_LP8_BROWNOUT_DriverIRQHandler
                0x3000251e                Reserved166_DriverIRQHandler
                0x3000251e                DMA14_DMA30_DriverIRQHandler
                0x3000251e                TMR1_DriverIRQHandler
                0x3000251e                PWM3_2_DriverIRQHandler
                0x3000251e                ENET_1588_Timer_DriverIRQHandler
                0x3000251e                FLEXIO2_DriverIRQHandler
                0x3000251e                GPIO2_Combined_16_31_DriverIRQHandler
                0x3000251e                KPP_DriverIRQHandler
                0x3000251e                CTI_TRIGGER_OUT0_DriverIRQHandler
                0x3000251e                PWM4_1_DriverIRQHandler
                0x3000251e                Reserved213_DriverIRQHandler
                0x3000251e                CAAM_IRQ0_DriverIRQHandler
                0x3000251e                RTWDOG3_DriverIRQHandler
                0x3000251e                PWM3_3_DriverIRQHandler
                0x3000251e                DMA0_DMA16_DriverIRQHandler
                0x3000251e                IntDefaultHandler
                0x3000251e                DMA2_DMA18_DriverIRQHandler
                0x3000251e                XECC_FLEXSPI1_FATAL_INT_DriverIRQHandler
                0x3000251e                Reserved214_DriverIRQHandler
                0x3000251e                USDHC1_DriverIRQHandler
                0x3000251e                ENC3_DriverIRQHandler
                0x3000251e                PWM3_FAULT_DriverIRQHandler
                0x3000251e                Reserved186_DriverIRQHandler
                0x3000251e                LPI2C6_DriverIRQHandler
                0x3000251e                TMPSNS_PANIC_DriverIRQHandler
                0x3000251e                EWM_DriverIRQHandler
                0x3000251e                WDOG1_DriverIRQHandler
                0x3000251e                FLEXIO1_DriverIRQHandler
                0x3000251e                ENET_DriverIRQHandler
                0x3000251e                TMR4_DriverIRQHandler
                0x3000251e                ENC2_DriverIRQHandler
                0x3000251e                ENET_1G_MAC0_Tx_Rx_2_DriverIRQHandler
                0x3000251e                ADC_ETC_IRQ2_DriverIRQHandler
                0x3000251e                GPIO1_Combined_16_31_DriverIRQHandler
                0x3000251e                SAI1_DriverIRQHandler
                0x3000251e                DMA12_DMA28_DriverIRQHandler
                0x3000251e                MECC1_FATAL_INT_DriverIRQHandler
                0x3000251e                PWM4_0_DriverIRQHandler
                0x3000251e                MIPI_DSI_DriverIRQHandler
                0x3000251e                ADC_ETC_ERROR_IRQ_DriverIRQHandler
                0x3000251e                ACMP2_DriverIRQHandler
                0x3000251e                GPIO5_Combined_0_15_DriverIRQHandler
                0x3000251e                GPU2D_DriverIRQHandler
                0x3000251e                GPT2_DriverIRQHandler
                0x3000251e                MUA_DriverIRQHandler
                0x3000251e                CAN3_ERROR_DriverIRQHandler
                0x3000251e                DMA10_DMA26_DriverIRQHandler
                0x3000251e                PWM2_1_DriverIRQHandler
                0x3000251e                PWM1_1_DriverIRQHandler
                0x3000251e                PXP_DriverIRQHandler
                0x3000251e                ADC1_DriverIRQHandler
                0x3000251e                PDM_ERROR_DriverIRQHandler
                0x3000251e                MIPI_CSI_DriverIRQHandler
                0x3000251e                CAAM_IRQ3_DriverIRQHandler
                0x3000251e                PWM1_0_DriverIRQHandler
                0x3000251e                CAAM_IRQ1_DriverIRQHandler
                0x3000251e                DMA1_DMA17_DriverIRQHandler
                0x3000251e                GPT6_DriverIRQHandler
                0x3000251e                PIT1_DriverIRQHandler
                0x3000251e                ENC1_DriverIRQHandler
                0x3000251e                ENC4_DriverIRQHandler
                0x3000251e                CAN2_DriverIRQHandler
                0x3000251e                Reserved169_DriverIRQHandler
                0x3000251e                LPSR_LP0_BROWNOUT_DriverIRQHandler
                0x3000251e                CAN2_ERROR_DriverIRQHandler
                0x3000251e                GPT5_DriverIRQHandler
                0x3000251e                DMA8_DMA24_DriverIRQHandler
                0x3000251e                GPT1_DriverIRQHandler
                0x3000251e                SNVS_HP_TZ_DriverIRQHandler
                0x3000251e                CAAM_RECORVE_ERRPR_DriverIRQHandler
                0x3000251e                CAAM_IRQ2_DriverIRQHandler
                0x3000251e                ACMP3_DriverIRQHandler
                0x3000251e                DMA6_DMA22_DriverIRQHandler
                0x3000251e                GPIO6_Combined_0_15_DriverIRQHandler
                0x3000251e                SAI4_RX_DriverIRQHandler
                0x3000251e                TMR3_DriverIRQHandler
                0x3000251e                TMR2_DriverIRQHandler
                0x3000251e                DCIC2_DriverIRQHandler
                0x3000251e                FLEXSPI1_DriverIRQHandler
                0x3000251e                GPIO1_Combined_0_15_DriverIRQHandler
                0x3000251e                USDHC2_DriverIRQHandler
                0x3000251e                PWM4_2_DriverIRQHandler
                0x3000251e                XECC_SEMC_INT_DriverIRQHandler
                0x3000251e                SAI2_DriverIRQHandler
                0x3000251e                CORE_DriverIRQHandler
                0x3000251e                LPSPI6_DriverIRQHandler
                0x3000251e                USBPHY2_DriverIRQHandler
                0x3000251e                OCOTP_READ_DONE_ERROR_DriverIRQHandler
                0x3000251e                CDOG_DriverIRQHandler
                0x3000251e                USBPHY1_DriverIRQHandler
                0x3000251e                PDM_EVENT_DriverIRQHandler
                0x3000251e                LCDIFv2_DriverIRQHandler
                0x3000251e                Reserved211_DriverIRQHandler
                0x3000251e                DMA11_DMA27_DriverIRQHandler
                0x3000251e                CSI_DriverIRQHandler
                0x3000251e                PWM2_3_DriverIRQHandler
                0x3000251e                XBAR1_IRQ_2_3_DriverIRQHandler
                0x3000251e                GPIO3_Combined_16_31_DriverIRQHandler
                0x3000251e                PWM1_FAULT_DriverIRQHandler
                0x3000251e                LPI2C1_DriverIRQHandler
                0x3000251e                EMVSIM2_DriverIRQHandler
                0x3000251e                MECC2_FATAL_INT_DriverIRQHandler
                0x3000251e                PWM2_2_DriverIRQHandler
                0x3000251e                DMA4_DMA20_DriverIRQHandler
                0x3000251e                DMA9_DMA25_DriverIRQHandler
                0x3000251e                GPT4_DriverIRQHandler
                0x3000251e                XBAR1_IRQ_0_1_DriverIRQHandler
                0x3000251e                ADC_ETC_IRQ1_DriverIRQHandler
                0x3000251e                LPSPI1_DriverIRQHandler
                0x3000251e                Reserved215_DriverIRQHandler
                0x3000251e                DMA3_DMA19_DriverIRQHandler
                0x3000251e                XECC_FLEXSPI1_INT_DriverIRQHandler
                0x3000251e                LPSPI5_DriverIRQHandler
                0x3000251e                SEMA4_CP0_DriverIRQHandler
                0x3000251e                Reserved170_DriverIRQHandler
                0x3000251e                Reserved177_DriverIRQHandler
                0x3000251e                LPI2C4_DriverIRQHandler
                0x3000251e                GPC_DriverIRQHandler
                0x3000251e                GPIO2_Combined_0_15_DriverIRQHandler
                0x3000251e                GPT3_DriverIRQHandler
                0x3000251e                TMPSNS_INT_DriverIRQHandler
                0x3000251e                PWM1_2_DriverIRQHandler
                0x3000251e                USB_OTG1_DriverIRQHandler
                0x3000251e                XECC_SEMC_FATAL_INT_DriverIRQHandler
                0x3000251e                SAI3_TX_DriverIRQHandler
                0x3000251e                WDOG2_DriverIRQHandler
                0x3000251e                Reserved68_DriverIRQHandler
                0x3000251e                MECC2_INT_DriverIRQHandler
                0x3000251e                ENET_1G_1588_Timer_DriverIRQHandler
                0x3000251e                Reserved180_DriverIRQHandler
                0x3000251e                PWM3_0_DriverIRQHandler
                0x3000251e                CAN1_ERROR_DriverIRQHandler
                0x3000251e                GPIO4_Combined_0_15_DriverIRQHandler
                0x3000251e                GPIO4_Combined_16_31_DriverIRQHandler
                0x3000251e                GPIO5_Combined_16_31_DriverIRQHandler
                0x3000251e                EMVSIM1_DriverIRQHandler
                0x3000251e                ASRC_DriverIRQHandler
                0x3000251e                DMA5_DMA21_DriverIRQHandler
                0x3000251e                Reserved179_DriverIRQHandler
                0x3000251e                ADC2_DriverIRQHandler
                0x3000251e                ACMP4_DriverIRQHandler
                0x3000251e                DMA15_DMA31_DriverIRQHandler
                0x3000251e                PDM_HWVAD_ERROR_DriverIRQHandler
                0x3000251e                LPSPI3_DriverIRQHandler
                0x3000251e                PWM1_3_DriverIRQHandler
                0x3000251e                PDM_HWVAD_EVENT_DriverIRQHandler
                0x3000251e                ACMP1_DriverIRQHandler
                0x3000251e                LPI2C2_DriverIRQHandler
                0x3000251e                XECC_FLEXSPI2_FATAL_INT_DriverIRQHandler
                0x3000251e                DMA_ERROR_DriverIRQHandler
                0x3000251e                ADC_ETC_IRQ0_DriverIRQHandler
                0x3000251e                Reserved212_DriverIRQHandler
                0x3000251e                CAN1_DriverIRQHandler
                0x3000251e                eLCDIF_DriverIRQHandler
                0x3000251e                MECC1_INT_DriverIRQHandler
                0x3000251e                CTI_TRIGGER_OUT1_DriverIRQHandler
                0x3000251e                PWM2_0_DriverIRQHandler
                0x3000251e                ENET_1G_DriverIRQHandler
                0x3000251e                Reserved209_DriverIRQHandler
                0x3000251e                SNVS_PULSE_EVENT_DriverIRQHandler
                0x3000251e                CM7_GPIO2_3_DriverIRQHandler
                0x3000251e                GPIO13_Combined_0_31_DriverIRQHandler
                0x3000251e                USB_OTG2_DriverIRQHandler
 *(SORT_BY_ALIGNMENT(.text*))
 .text.SVC_Handler
                0x30002520       0x28 ./freertos/freertos-kernel/portable/GCC/ARM_CM4F/port.o
                0x30002520                SVC_Handler
 *fill*         0x30002548        0x8 ff
 .text.PendSV_Handler
                0x30002550       0x68 ./freertos/freertos-kernel/portable/GCC/ARM_CM4F/port.o
                0x30002550                PendSV_Handler
 .text.CLOCK_GetAvPllFreq
                0x300025b8       0xf4 ./drivers/fsl_clock.o
 .text.__assertion_failed
                0x300026ac       0x18 ./utilities/fsl_assert.o
                0x300026ac                __assertion_failed
 .text.DbgConsole_SendDataReliable
                0x300026c4       0x54 ./utilities/fsl_debug_console.o
                0x300026c4                DbgConsole_SendDataReliable
 .text.DbgConsole_Vprintf
                0x30002718       0x6c ./utilities/fsl_debug_console.o
                0x30002718                DbgConsole_Vprintf
 .text.mb_crc16
                0x30002784       0x54 ./source/modbus/mb-crc.o
                0x30002784                mb_crc16
 .text.mb_link_error_handler
                0x300027d8       0x20 ./source/modbus/mb-link.o
                0x300027d8                mb_link_error_handler
 .text.mb_link_send
                0x300027f8       0x2c ./source/modbus/mb-link.o
                0x300027f8                mb_link_send
 .text.mb_link_prepare_tx_data
                0x30002824       0xf0 ./source/modbus/mb-link.o
                0x30002824                mb_link_prepare_tx_data
 .text.mb_link_reset_rx_buffer
                0x30002914       0x40 ./source/modbus/mb-link.o
                0x30002914                mb_link_reset_rx_buffer
 .text.mb_link_check_new_data
                0x30002954      0x21c ./source/modbus/mb-link.o
                0x30002954                mb_link_check_new_data
 .text.mb_set_master_process_handler
                0x30002b70       0x20 ./source/modbus/mb.o
                0x30002b70                mb_set_master_process_handler
 .text.mb_set_tx_handler
                0x30002b90       0x20 ./source/modbus/mb.o
                0x30002b90                mb_set_tx_handler
 .text.mb_rx_packet_handler
                0x30002bb0       0x3c ./source/modbus/mb.o
                0x30002bb0                mb_rx_packet_handler
 .text.__NVIC_SetPriority
                0x30002bec       0x54 ./source/freertos_lpuart.o
 .text.send_data
                0x30002c40       0x24 ./source/freertos_lpuart.o
 .text.main     0x30002c64       0x50 ./source/freertos_lpuart.o
                0x30002c64                main
 .text.uart_task
                0x30002cb4      0x128 ./source/freertos_lpuart.o
 .text.pvPortMalloc
                0x30002ddc      0x174 ./freertos/freertos-kernel/portable/MemMang/heap_4.o
                0x30002ddc                pvPortMalloc
 .text.vPortFree
                0x30002f50       0xb8 ./freertos/freertos-kernel/portable/MemMang/heap_4.o
                0x30002f50                vPortFree
 .text.prvHeapInit
                0x30003008       0xb8 ./freertos/freertos-kernel/portable/MemMang/heap_4.o
 .text.prvInsertBlockIntoFreeList
                0x300030c0       0xb4 ./freertos/freertos-kernel/portable/MemMang/heap_4.o
 .text.pxPortInitialiseStack
                0x30003174       0x68 ./freertos/freertos-kernel/portable/GCC/ARM_CM4F/port.o
                0x30003174                pxPortInitialiseStack
 .text.prvTaskExitError
                0x300031dc       0x58 ./freertos/freertos-kernel/portable/GCC/ARM_CM4F/port.o
 .text.prvPortStartFirstTask
                0x30003234       0x2c ./freertos/freertos-kernel/portable/GCC/ARM_CM4F/port.o
 .text.xPortStartScheduler
                0x30003260      0x144 ./freertos/freertos-kernel/portable/GCC/ARM_CM4F/port.o
                0x30003260                xPortStartScheduler
 .text.vPortEnterCritical
                0x300033a4       0x60 ./freertos/freertos-kernel/portable/GCC/ARM_CM4F/port.o
                0x300033a4                vPortEnterCritical
 .text.vPortExitCritical
                0x30003404       0x54 ./freertos/freertos-kernel/portable/GCC/ARM_CM4F/port.o
                0x30003404                vPortExitCritical
 .text.SysTick_Handler
                0x30003458       0x44 ./freertos/freertos-kernel/portable/GCC/ARM_CM4F/port.o
                0x30003458                SysTick_Handler
 .text.vPortSetupTimerInterrupt
                0x3000349c       0x48 ./freertos/freertos-kernel/portable/GCC/ARM_CM4F/port.o
                0x3000349c                vPortSetupTimerInterrupt
 .text.vPortEnableVFP
                0x300034e4       0x18 ./freertos/freertos-kernel/portable/GCC/ARM_CM4F/port.o
 .text.vPortValidateInterruptPriority
                0x300034fc       0x80 ./freertos/freertos-kernel/portable/GCC/ARM_CM4F/port.o
                0x300034fc                vPortValidateInterruptPriority
 .text.xEventGroupWaitBits
                0x3000357c      0x19c ./freertos/freertos-kernel/event_groups.o
                0x3000357c                xEventGroupWaitBits
 .text.xEventGroupSetBitsFromISR
                0x30003718       0x28 ./freertos/freertos-kernel/event_groups.o
                0x30003718                xEventGroupSetBitsFromISR
 .text.xQueueGenericReset
                0x30003740      0x120 ./freertos/freertos-kernel/queue.o
                0x30003740                xQueueGenericReset
 .text.xQueueGenericSend
                0x30003860      0x1fc ./freertos/freertos-kernel/queue.o
                0x30003860                xQueueGenericSend
 .text.xQueueReceive
                0x30003a5c      0x1c0 ./freertos/freertos-kernel/queue.o
                0x30003a5c                xQueueReceive
 .text.xQueueSemaphoreTake
                0x30003c1c      0x21c ./freertos/freertos-kernel/queue.o
                0x30003c1c                xQueueSemaphoreTake
 .text.vQueueAddToRegistry
                0x30003e38       0x9c ./freertos/freertos-kernel/queue.o
                0x30003e38                vQueueAddToRegistry
 .text.vQueueUnregisterQueue
                0x30003ed4       0x70 ./freertos/freertos-kernel/queue.o
                0x30003ed4                vQueueUnregisterQueue
 .text.prvAddNewTaskToReadyList
                0x30003f44      0x12c ./freertos/freertos-kernel/tasks.o
 .text.vTaskDelay
                0x30004070       0x68 ./freertos/freertos-kernel/tasks.o
                0x30004070                vTaskDelay
 .text.vTaskSuspend
                0x300040d8      0x140 ./freertos/freertos-kernel/tasks.o
                0x300040d8                vTaskSuspend
 .text.vTaskStartScheduler
                0x30004218       0xa4 ./freertos/freertos-kernel/tasks.o
                0x30004218                vTaskStartScheduler
 .text.vTaskSuspendAll
                0x300042bc       0x1c ./freertos/freertos-kernel/tasks.o
                0x300042bc                vTaskSuspendAll
 .text.xTaskResumeAll
                0x300042d8      0x1f8 ./freertos/freertos-kernel/tasks.o
                0x300042d8                xTaskResumeAll
 .text.xTaskGetTickCount
                0x300044d0       0x20 ./freertos/freertos-kernel/tasks.o
                0x300044d0                xTaskGetTickCount
 .text.uxTaskGetNumberOfTasks
                0x300044f0       0x18 ./freertos/freertos-kernel/tasks.o
                0x300044f0                uxTaskGetNumberOfTasks
 .text.xTaskIncrementTick
                0x30004508      0x210 ./freertos/freertos-kernel/tasks.o
                0x30004508                xTaskIncrementTick
 .text.vTaskSwitchContext
                0x30004718       0xb8 ./freertos/freertos-kernel/tasks.o
                0x30004718                vTaskSwitchContext
 .text.vTaskPlaceOnEventList
                0x300047d0       0x48 ./freertos/freertos-kernel/tasks.o
                0x300047d0                vTaskPlaceOnEventList
 .text.vTaskPlaceOnUnorderedEventList
                0x30004818       0xac ./freertos/freertos-kernel/tasks.o
                0x30004818                vTaskPlaceOnUnorderedEventList
 .text.vTaskPlaceOnEventListRestricted
                0x300048c4       0x8c ./freertos/freertos-kernel/tasks.o
                0x300048c4                vTaskPlaceOnEventListRestricted
 .text.xTaskRemoveFromEventList
                0x30004950      0x1ac ./freertos/freertos-kernel/tasks.o
                0x30004950                xTaskRemoveFromEventList
 .text.vTaskRemoveFromUnorderedEventList
                0x30004afc      0x180 ./freertos/freertos-kernel/tasks.o
                0x30004afc                vTaskRemoveFromUnorderedEventList
 .text.vTaskInternalSetTimeOutState
                0x30004c7c       0x2c ./freertos/freertos-kernel/tasks.o
                0x30004c7c                vTaskInternalSetTimeOutState
 .text.xTaskCheckForTimeOut
                0x30004ca8       0xcc ./freertos/freertos-kernel/tasks.o
                0x30004ca8                xTaskCheckForTimeOut
 .text.vTaskMissedYield
                0x30004d74       0x18 ./freertos/freertos-kernel/tasks.o
                0x30004d74                vTaskMissedYield
 .text.prvIdleTask
                0x30004d8c       0x30 ./freertos/freertos-kernel/tasks.o
 .text.prvInitialiseTaskLists
                0x30004dbc       0x80 ./freertos/freertos-kernel/tasks.o
 .text.prvCheckTasksWaitingTermination
                0x30004e3c       0x5c ./freertos/freertos-kernel/tasks.o
 .text.prvResetNextTaskUnblockTime
                0x30004e98       0x38 ./freertos/freertos-kernel/tasks.o
 .text.xTaskGetSchedulerState
                0x30004ed0       0x3c ./freertos/freertos-kernel/tasks.o
                0x30004ed0                xTaskGetSchedulerState
 .text.xTaskPriorityInherit
                0x30004f0c      0x13c ./freertos/freertos-kernel/tasks.o
                0x30004f0c                xTaskPriorityInherit
 .text.xTaskPriorityDisinherit
                0x30005048      0x148 ./freertos/freertos-kernel/tasks.o
                0x30005048                xTaskPriorityDisinherit
 .text.vTaskPriorityDisinheritAfterTimeout
                0x30005190      0x170 ./freertos/freertos-kernel/tasks.o
                0x30005190                vTaskPriorityDisinheritAfterTimeout
 .text.uxTaskResetEventItemValue
                0x30005300       0x30 ./freertos/freertos-kernel/tasks.o
                0x30005300                uxTaskResetEventItemValue
 .text.pvTaskIncrementMutexHeldCount
                0x30005330       0x28 ./freertos/freertos-kernel/tasks.o
                0x30005330                pvTaskIncrementMutexHeldCount
 .text.prvAddCurrentTaskToDelayedList
                0x30005358      0x100 ./freertos/freertos-kernel/tasks.o
 .text.xTimerCreateTimerTask
                0x30005458       0x64 ./freertos/freertos-kernel/timers.o
                0x30005458                xTimerCreateTimerTask
 .text.prvProcessExpiredTimer
                0x300054bc       0x60 ./freertos/freertos-kernel/timers.o
 .text.prvProcessTimerOrBlockTask
                0x3000551c       0x9c ./freertos/freertos-kernel/timers.o
 .text.prvGetNextExpireTime
                0x300055b8       0x48 ./freertos/freertos-kernel/timers.o
 .text.prvSampleTimeNow
                0x30005600       0x40 ./freertos/freertos-kernel/timers.o
 .text.prvInsertTimerInActiveList
                0x30005640       0x84 ./freertos/freertos-kernel/timers.o
 .text.prvProcessReceivedCommands
                0x300056c4      0x1b4 ./freertos/freertos-kernel/timers.o
 .text.prvSwitchTimerLists
                0x30005878       0x4c ./freertos/freertos-kernel/timers.o
 .text.prvCheckForValidListAndQueue
                0x300058c4       0x6c ./freertos/freertos-kernel/timers.o
 .text.xTimerPendFunctionCallFromISR
                0x30005930       0x40 ./freertos/freertos-kernel/timers.o
                0x30005930                xTimerPendFunctionCallFromISR
 .text.LPUART_RTOS_Callback
                0x30005970       0xc8 ./drivers/freertos/fsl_lpuart_freertos.o
 .text.LPUART_RTOS_Init
                0x30005a38      0x1e0 ./drivers/freertos/fsl_lpuart_freertos.o
                0x30005a38                LPUART_RTOS_Init
 .text.LPUART_RTOS_Send
                0x30005c18      0x11c ./drivers/freertos/fsl_lpuart_freertos.o
                0x30005c18                LPUART_RTOS_Send
 .text.LPUART_RTOS_Receive
                0x30005d34      0x1c4 ./drivers/freertos/fsl_lpuart_freertos.o
                0x30005d34                LPUART_RTOS_Receive
 .text.ANATOP_AI_Access
                0x30005ef8      0x630 ./drivers/fsl_anatop_ai.o
                0x30005ef8                ANATOP_AI_Access
 .text.CLOCK_GetRootClockMux
                0x30006528       0x2c ./drivers/fsl_clock.o
 .text.CLOCK_GetRootClockDiv
                0x30006554       0x28 ./drivers/fsl_clock.o
 .text.CLOCK_GetRootClockFreq
                0x3000657c       0x58 ./drivers/fsl_clock.o
 .text.CLOCK_InitArmPll
                0x300065d4      0x14c ./drivers/fsl_clock.o
                0x300065d4                CLOCK_InitArmPll
 .text.CLOCK_InitSysPll2
                0x30006720      0x1c4 ./drivers/fsl_clock.o
                0x30006720                CLOCK_InitSysPll2
 .text.CLOCK_InitPfd
                0x300068e4      0x168 ./drivers/fsl_clock.o
                0x300068e4                CLOCK_InitPfd
 .text.CLOCK_GetPfdFreq
                0x30006a4c       0xd8 ./drivers/fsl_clock.o
                0x30006a4c                CLOCK_GetPfdFreq
 .text.CLOCK_InitSysPll3
                0x30006b24       0xf4 ./drivers/fsl_clock.o
                0x30006b24                CLOCK_InitSysPll3
 .text.CLOCK_SetPllBypass
                0x30006c18       0xe0 ./drivers/fsl_clock.o
                0x30006c18                CLOCK_SetPllBypass
 .text.ANATOP_PllToggleHoldRingOff
                0x30006cf8       0x34 ./drivers/fsl_clock.o
 .text.ANATOP_PllConfigure
                0x30006d2c       0xb4 ./drivers/fsl_clock.o
 .text.ANATOP_AudioPllGate
                0x30006de0       0x48 ./drivers/fsl_clock.o
 .text.ANATOP_AudioPllSwEnClk
                0x30006e28       0x48 ./drivers/fsl_clock.o
 .text.ANATOP_VideoPllGate
                0x30006e70       0x48 ./drivers/fsl_clock.o
 .text.ANATOP_VideoPllSwEnClk
                0x30006eb8       0x48 ./drivers/fsl_clock.o
 .text.CLOCK_InitVideoPll
                0x30006f00       0xd4 ./drivers/fsl_clock.o
                0x30006f00                CLOCK_InitVideoPll
 .text.ANATOP_SysPll1Gate
                0x30006fd4       0x48 ./drivers/fsl_clock.o
 .text.ANATOP_SysPll1Div2En
                0x3000701c       0x48 ./drivers/fsl_clock.o
 .text.ANATOP_SysPll1Div5En
                0x30007064       0x48 ./drivers/fsl_clock.o
 .text.ANATOP_SysPll1SwEnClk
                0x300070ac       0x48 ./drivers/fsl_clock.o
 .text.CLOCK_GetPllFreq
                0x300070f4       0xd0 ./drivers/fsl_clock.o
                0x300070f4                CLOCK_GetPllFreq
 .text.CLOCK_GetFreq
                0x300071c4      0x1d4 ./drivers/fsl_clock.o
                0x300071c4                CLOCK_GetFreq
 .text.CLOCK_OSC_EnableOscRc400M
                0x30007398       0x2c ./drivers/fsl_clock.o
                0x30007398                CLOCK_OSC_EnableOscRc400M
 .text.SDK_DelayAtLeastUs
                0x300073c4       0x94 ./drivers/fsl_common_arm.o
                0x300073c4                SDK_DelayAtLeastUs
 .text.DCDC_BootIntoDCM
                0x30007458       0x64 ./drivers/fsl_dcdc.o
                0x30007458                DCDC_BootIntoDCM
 .text.__NVIC_EnableIRQ
                0x300074bc       0x3c ./drivers/fsl_lpuart.o
 .text.CLOCK_ControlGate
                0x300074f8       0x7c ./drivers/fsl_lpuart.o
 .text.LPUART_GetInstance
                0x30007574       0x4c ./drivers/fsl_lpuart.o
                0x30007574                LPUART_GetInstance
 .text.LPUART_TransferGetRxRingBufferLength
                0x300075c0       0x54 ./drivers/fsl_lpuart.o
                0x300075c0                LPUART_TransferGetRxRingBufferLength
 .text.LPUART_TransferIsRxRingBufferFull
                0x30007614       0x44 ./drivers/fsl_lpuart.o
 .text.LPUART_WriteNonBlocking
                0x30007658       0x48 ./drivers/fsl_lpuart.o
 .text.LPUART_ReadNonBlocking
                0x300076a0       0x98 ./drivers/fsl_lpuart.o
 .text.LPUART_Init
                0x30007738      0x310 ./drivers/fsl_lpuart.o
                0x30007738                LPUART_Init
 .text.LPUART_GetDefaultConfig
                0x30007a48       0x88 ./drivers/fsl_lpuart.o
                0x30007a48                LPUART_GetDefaultConfig
 .text.LPUART_GetEnabledInterrupts
                0x30007ad0       0x60 ./drivers/fsl_lpuart.o
                0x30007ad0                LPUART_GetEnabledInterrupts
 .text.LPUART_GetStatusFlags
                0x30007b30       0x38 ./drivers/fsl_lpuart.o
                0x30007b30                LPUART_GetStatusFlags
 .text.LPUART_ClearStatusFlags
                0x30007b68       0x7c ./drivers/fsl_lpuart.o
                0x30007b68                LPUART_ClearStatusFlags
 .text.LPUART_WriteBlocking
                0x30007be4       0x68 ./drivers/fsl_lpuart.o
                0x30007be4                LPUART_WriteBlocking
 .text.LPUART_TransferCreateHandle
                0x30007c4c       0xc4 ./drivers/fsl_lpuart.o
                0x30007c4c                LPUART_TransferCreateHandle
 .text.LPUART_TransferStartRingBuffer
                0x30007d10       0x68 ./drivers/fsl_lpuart.o
                0x30007d10                LPUART_TransferStartRingBuffer
 .text.LPUART_TransferSendNonBlocking
                0x30007d78       0xac ./drivers/fsl_lpuart.o
                0x30007d78                LPUART_TransferSendNonBlocking
 .text.LPUART_TransferAbortSend
                0x30007e24       0x48 ./drivers/fsl_lpuart.o
                0x30007e24                LPUART_TransferAbortSend
 .text.LPUART_TransferReceiveNonBlocking
                0x30007e6c      0x1c4 ./drivers/fsl_lpuart.o
                0x30007e6c                LPUART_TransferReceiveNonBlocking
 .text.LPUART_TransferAbortReceive
                0x30008030       0x50 ./drivers/fsl_lpuart.o
                0x30008030                LPUART_TransferAbortReceive
 .text.LPUART_TransferGetReceiveCount
                0x30008080       0x60 ./drivers/fsl_lpuart.o
                0x30008080                LPUART_TransferGetReceiveCount
 .text.LPUART_TransferHandleIDLEReady
                0x300080e0       0xf0 ./drivers/fsl_lpuart.o
 .text.LPUART_TransferHandleIRQ
                0x300081d0       0xe0 ./drivers/fsl_lpuart.o
                0x300081d0                LPUART_TransferHandleIRQ
 .text.LPUART1_DriverIRQHandler
                0x300082b0       0x28 ./drivers/fsl_lpuart.o
                0x300082b0                LPUART1_DriverIRQHandler
 .text.LPUART2_DriverIRQHandler
                0x300082d8       0x28 ./drivers/fsl_lpuart.o
                0x300082d8                LPUART2_DriverIRQHandler
 .text.LPUART3_DriverIRQHandler
                0x30008300       0x28 ./drivers/fsl_lpuart.o
                0x30008300                LPUART3_DriverIRQHandler
 .text.LPUART4_DriverIRQHandler
                0x30008328       0x28 ./drivers/fsl_lpuart.o
                0x30008328                LPUART4_DriverIRQHandler
 .text.LPUART5_DriverIRQHandler
                0x30008350       0x28 ./drivers/fsl_lpuart.o
                0x30008350                LPUART5_DriverIRQHandler
 .text.LPUART6_DriverIRQHandler
                0x30008378       0x28 ./drivers/fsl_lpuart.o
                0x30008378                LPUART6_DriverIRQHandler
 .text.LPUART7_DriverIRQHandler
                0x300083a0       0x28 ./drivers/fsl_lpuart.o
                0x300083a0                LPUART7_DriverIRQHandler
 .text.LPUART8_DriverIRQHandler
                0x300083c8       0x28 ./drivers/fsl_lpuart.o
                0x300083c8                LPUART8_DriverIRQHandler
 .text.LPUART9_DriverIRQHandler
                0x300083f0       0x28 ./drivers/fsl_lpuart.o
                0x300083f0                LPUART9_DriverIRQHandler
 .text.LPUART10_DriverIRQHandler
                0x30008418       0x28 ./drivers/fsl_lpuart.o
                0x30008418                LPUART10_DriverIRQHandler
 .text.LPUART11_DriverIRQHandler
                0x30008440       0x28 ./drivers/fsl_lpuart.o
                0x30008440                LPUART11_DriverIRQHandler
 .text.LPUART12_DriverIRQHandler
                0x30008468       0x28 ./drivers/fsl_lpuart.o
                0x30008468                LPUART12_DriverIRQHandler
 .text.PMU_StaticEnablePllLdo
                0x30008490       0x4c ./drivers/fsl_pmu.o
                0x30008490                PMU_StaticEnablePllLdo
 .text.PMU_StaticEnableLpsrAnaLdoBypassMode
                0x300084dc       0xc8 ./drivers/fsl_pmu.o
                0x300084dc                PMU_StaticEnableLpsrAnaLdoBypassMode
 .text.PMU_StaticEnableLpsrDigLdoBypassMode
                0x300085a4       0xa8 ./drivers/fsl_pmu.o
                0x300085a4                PMU_StaticEnableLpsrDigLdoBypassMode
 .text.SystemInit
                0x3000864c      0x18c ./device/system_MIMXRT1166_cm7.o
                0x3000864c                SystemInit
 .text.HAL_UartSendBlocking
                0x300087d8       0x64 ./component/uart/fsl_adapter_lpuart.o
                0x300087d8                HAL_UartSendBlocking
 .text.ARM_MPU_Enable
                0x3000883c       0x44 ./board/board.o
 .text.ARM_MPU_Disable
                0x30008880       0x40 ./board/board.o
 .text.CLOCK_GetRootClockMux
                0x300088c0       0x2c ./board/board.o
 .text.CLOCK_GetRootClockDiv
                0x300088ec       0x28 ./board/board.o
 .text.CLOCK_GetRootClockFreq
                0x30008914       0x58 ./board/board.o
 .text.BOARD_ConfigMPU
                0x3000896c      0x370 ./board/board.o
                0x3000896c                BOARD_ConfigMPU
 .text.CLOCK_GetRootClockMux
                0x30008cdc       0x2c ./board/clock_config.o
 .text.CLOCK_GetRootClockDiv
                0x30008d08       0x28 ./board/clock_config.o
 .text.CLOCK_SetRootClock
                0x30008d30       0x6c ./board/clock_config.o
 .text.CLOCK_GetRootClockFreq
                0x30008d9c       0x58 ./board/clock_config.o
 .text.CLOCK_OSC_EnableOsc48M
                0x30008df4       0x3c ./board/clock_config.o
 .text.CLOCK_OSC_EnableOsc48MDiv2
                0x30008e30       0x3c ./board/clock_config.o
 .text.CLOCK_OSC_GateOscRc400M
                0x30008e6c       0x3c ./board/clock_config.o
 .text.IOMUXC_MQSConfig
                0x30008ea8       0x40 ./board/clock_config.o
 .text.BOARD_BootClockRUN
                0x30008ee8      0x724 ./board/clock_config.o
                0x30008ee8                BOARD_BootClockRUN
 .text.CLOCK_ControlGate
                0x3000960c       0x7c ./board/pin_mux.o
 .text.BOARD_InitPins
                0x30009688       0x7c ./board/pin_mux.o
                0x30009688                BOARD_InitPins
 .text._initio  0x30009704       0x78 d:/expressmcu/ide/plugins/com.nxp.mcuxpresso.tools.win32_11.8.0.202306131047/tools/bin/../lib/gcc/arm-none-eabi/12.2.1/../../../../arm-none-eabi/lib/thumb/v7e-m+dp/hard\libcr_c.a(initio.o)
                0x30009704                _initio
 .text._Cwritebuf
                0x3000977c       0x6c d:/expressmcu/ide/plugins/com.nxp.mcuxpresso.tools.win32_11.8.0.202306131047/tools/bin/../lib/gcc/arm-none-eabi/12.2.1/../../../../arm-none-eabi/lib/thumb/v7e-m+dp/hard\libcr_c.a(_writebuf.o)
                0x3000977c                _Cwritebuf
 .text.fflush   0x300097e8       0x3c d:/expressmcu/ide/plugins/com.nxp.mcuxpresso.tools.win32_11.8.0.202306131047/tools/bin/../lib/gcc/arm-none-eabi/12.2.1/../../../../arm-none-eabi/lib/thumb/v7e-m+dp/hard\libcr_c.a(fflush.o)
                0x300097e8                fflush
 .text.fseek    0x30009824       0xf8 d:/expressmcu/ide/plugins/com.nxp.mcuxpresso.tools.win32_11.8.0.202306131047/tools/bin/../lib/gcc/arm-none-eabi/12.2.1/../../../../arm-none-eabi/lib/thumb/v7e-m+dp/hard\libcr_c.a(fseek.o)
                0x30009824                fseek
 .text.ftell    0x3000991c       0x44 d:/expressmcu/ide/plugins/com.nxp.mcuxpresso.tools.win32_11.8.0.202306131047/tools/bin/../lib/gcc/arm-none-eabi/12.2.1/../../../../arm-none-eabi/lib/thumb/v7e-m+dp/hard\libcr_c.a(ftell.o)
                0x3000991c                ftell
 .text.DbgConsole_PrintCallback
                0x30009960       0x66 ./utilities/fsl_debug_console.o
 .text.DbgConsole_Printf
                0x300099c6       0x2c ./utilities/fsl_debug_console.o
                0x300099c6                DbgConsole_Printf
 .text.PrintGetWidth
                0x300099f2       0x6a ./utilities/fsl_str.o
 .text.PrintGetPrecision
                0x30009a5c       0x8c ./utilities/fsl_str.o
 .text.PrintIsobpu
                0x30009ae8       0x38 ./utilities/fsl_str.o
 .text.PrintIsdi
                0x30009b20       0x2c ./utilities/fsl_str.o
 .text.PrintOutputdifFobpu
                0x30009b4c       0x44 ./utilities/fsl_str.o
 .text.PrintOutputxX
                0x30009b90       0x44 ./utilities/fsl_str.o
 .text.PrintIsfF
                0x30009bd4       0x2c ./utilities/fsl_str.o
 .text.PrintIsxX
                0x30009c00       0x2c ./utilities/fsl_str.o
 .text.PrintFilterLengthFlag
                0x30009c2c       0x3e ./utilities/fsl_str.o
 .text.PrintGetRadixFromobpu
                0x30009c6a       0x40 ./utilities/fsl_str.o
 .text.ConvertRadixNumToString
                0x30009caa       0xc2 ./utilities/fsl_str.o
 .text.StrFormatPrintf
                0x30009d6c      0x2ac ./utilities/fsl_str.o
                0x30009d6c                StrFormatPrintf
 .text.DMA0_DMA16_IRQHandler
                0x3000a018        0x8 ./startup/startup_mimxrt1166_cm7.o
                0x3000a018                DMA0_DMA16_IRQHandler
 .text.DMA1_DMA17_IRQHandler
                0x3000a020        0x8 ./startup/startup_mimxrt1166_cm7.o
                0x3000a020                DMA1_DMA17_IRQHandler
 .text.DMA2_DMA18_IRQHandler
                0x3000a028        0x8 ./startup/startup_mimxrt1166_cm7.o
                0x3000a028                DMA2_DMA18_IRQHandler
 .text.DMA3_DMA19_IRQHandler
                0x3000a030        0x8 ./startup/startup_mimxrt1166_cm7.o
                0x3000a030                DMA3_DMA19_IRQHandler
 .text.DMA4_DMA20_IRQHandler
                0x3000a038        0x8 ./startup/startup_mimxrt1166_cm7.o
                0x3000a038                DMA4_DMA20_IRQHandler
 .text.DMA5_DMA21_IRQHandler
                0x3000a040        0x8 ./startup/startup_mimxrt1166_cm7.o
                0x3000a040                DMA5_DMA21_IRQHandler
 .text.DMA6_DMA22_IRQHandler
                0x3000a048        0x8 ./startup/startup_mimxrt1166_cm7.o
                0x3000a048                DMA6_DMA22_IRQHandler
 .text.DMA7_DMA23_IRQHandler
                0x3000a050        0x8 ./startup/startup_mimxrt1166_cm7.o
                0x3000a050                DMA7_DMA23_IRQHandler
 .text.DMA8_DMA24_IRQHandler
                0x3000a058        0x8 ./startup/startup_mimxrt1166_cm7.o
                0x3000a058                DMA8_DMA24_IRQHandler
 .text.DMA9_DMA25_IRQHandler
                0x3000a060        0x8 ./startup/startup_mimxrt1166_cm7.o
                0x3000a060                DMA9_DMA25_IRQHandler
 .text.DMA10_DMA26_IRQHandler
                0x3000a068        0x8 ./startup/startup_mimxrt1166_cm7.o
                0x3000a068                DMA10_DMA26_IRQHandler
 .text.DMA11_DMA27_IRQHandler
                0x3000a070        0x8 ./startup/startup_mimxrt1166_cm7.o
                0x3000a070                DMA11_DMA27_IRQHandler
 .text.DMA12_DMA28_IRQHandler
                0x3000a078        0x8 ./startup/startup_mimxrt1166_cm7.o
                0x3000a078                DMA12_DMA28_IRQHandler
 .text.DMA13_DMA29_IRQHandler
                0x3000a080        0x8 ./startup/startup_mimxrt1166_cm7.o
                0x3000a080                DMA13_DMA29_IRQHandler
 .text.DMA14_DMA30_IRQHandler
                0x3000a088        0x8 ./startup/startup_mimxrt1166_cm7.o
                0x3000a088                DMA14_DMA30_IRQHandler
 .text.DMA15_DMA31_IRQHandler
                0x3000a090        0x8 ./startup/startup_mimxrt1166_cm7.o
                0x3000a090                DMA15_DMA31_IRQHandler
 .text.DMA_ERROR_IRQHandler
                0x3000a098        0x8 ./startup/startup_mimxrt1166_cm7.o
                0x3000a098                DMA_ERROR_IRQHandler
 .text.CTI_TRIGGER_OUT0_IRQHandler
                0x3000a0a0        0x8 ./startup/startup_mimxrt1166_cm7.o
                0x3000a0a0                CTI_TRIGGER_OUT0_IRQHandler
 .text.CTI_TRIGGER_OUT1_IRQHandler
                0x3000a0a8        0x8 ./startup/startup_mimxrt1166_cm7.o
                0x3000a0a8                CTI_TRIGGER_OUT1_IRQHandler
 .text.CORE_IRQHandler
                0x3000a0b0        0x8 ./startup/startup_mimxrt1166_cm7.o
                0x3000a0b0                CORE_IRQHandler
 .text.LPUART1_IRQHandler
                0x3000a0b8        0x8 ./startup/startup_mimxrt1166_cm7.o
                0x3000a0b8                LPUART1_IRQHandler
 .text.LPUART2_IRQHandler
                0x3000a0c0        0x8 ./startup/startup_mimxrt1166_cm7.o
                0x3000a0c0                LPUART2_IRQHandler
 .text.LPUART3_IRQHandler
                0x3000a0c8        0x8 ./startup/startup_mimxrt1166_cm7.o
                0x3000a0c8                LPUART3_IRQHandler
 .text.LPUART4_IRQHandler
                0x3000a0d0        0x8 ./startup/startup_mimxrt1166_cm7.o
                0x3000a0d0                LPUART4_IRQHandler
 .text.LPUART5_IRQHandler
                0x3000a0d8        0x8 ./startup/startup_mimxrt1166_cm7.o
                0x3000a0d8                LPUART5_IRQHandler
 .text.LPUART6_IRQHandler
                0x3000a0e0        0x8 ./startup/startup_mimxrt1166_cm7.o
                0x3000a0e0                LPUART6_IRQHandler
 .text.LPUART7_IRQHandler
                0x3000a0e8        0x8 ./startup/startup_mimxrt1166_cm7.o
                0x3000a0e8                LPUART7_IRQHandler
 .text.LPUART8_IRQHandler
                0x3000a0f0        0x8 ./startup/startup_mimxrt1166_cm7.o
                0x3000a0f0                LPUART8_IRQHandler
 .text.LPUART9_IRQHandler
                0x3000a0f8        0x8 ./startup/startup_mimxrt1166_cm7.o
                0x3000a0f8                LPUART9_IRQHandler
 .text.LPUART10_IRQHandler
                0x3000a100        0x8 ./startup/startup_mimxrt1166_cm7.o
                0x3000a100                LPUART10_IRQHandler
 .text.LPUART11_IRQHandler
                0x3000a108        0x8 ./startup/startup_mimxrt1166_cm7.o
                0x3000a108                LPUART11_IRQHandler
 .text.LPUART12_IRQHandler
                0x3000a110        0x8 ./startup/startup_mimxrt1166_cm7.o
                0x3000a110                LPUART12_IRQHandler
 .text.LPI2C1_IRQHandler
                0x3000a118        0x8 ./startup/startup_mimxrt1166_cm7.o
                0x3000a118                LPI2C1_IRQHandler
 .text.LPI2C2_IRQHandler
                0x3000a120        0x8 ./startup/startup_mimxrt1166_cm7.o
                0x3000a120                LPI2C2_IRQHandler
 .text.LPI2C3_IRQHandler
                0x3000a128        0x8 ./startup/startup_mimxrt1166_cm7.o
                0x3000a128                LPI2C3_IRQHandler
 .text.LPI2C4_IRQHandler
                0x3000a130        0x8 ./startup/startup_mimxrt1166_cm7.o
                0x3000a130                LPI2C4_IRQHandler
 .text.LPI2C5_IRQHandler
                0x3000a138        0x8 ./startup/startup_mimxrt1166_cm7.o
                0x3000a138                LPI2C5_IRQHandler
 .text.LPI2C6_IRQHandler
                0x3000a140        0x8 ./startup/startup_mimxrt1166_cm7.o
                0x3000a140                LPI2C6_IRQHandler
 .text.LPSPI1_IRQHandler
                0x3000a148        0x8 ./startup/startup_mimxrt1166_cm7.o
                0x3000a148                LPSPI1_IRQHandler
 .text.LPSPI2_IRQHandler
                0x3000a150        0x8 ./startup/startup_mimxrt1166_cm7.o
                0x3000a150                LPSPI2_IRQHandler
 .text.LPSPI3_IRQHandler
                0x3000a158        0x8 ./startup/startup_mimxrt1166_cm7.o
                0x3000a158                LPSPI3_IRQHandler
 .text.LPSPI4_IRQHandler
                0x3000a160        0x8 ./startup/startup_mimxrt1166_cm7.o
                0x3000a160                LPSPI4_IRQHandler
 .text.LPSPI5_IRQHandler
                0x3000a168        0x8 ./startup/startup_mimxrt1166_cm7.o
                0x3000a168                LPSPI5_IRQHandler
 .text.LPSPI6_IRQHandler
                0x3000a170        0x8 ./startup/startup_mimxrt1166_cm7.o
                0x3000a170                LPSPI6_IRQHandler
 .text.CAN1_IRQHandler
                0x3000a178        0x8 ./startup/startup_mimxrt1166_cm7.o
                0x3000a178                CAN1_IRQHandler
 .text.CAN1_ERROR_IRQHandler
                0x3000a180        0x8 ./startup/startup_mimxrt1166_cm7.o
                0x3000a180                CAN1_ERROR_IRQHandler
 .text.CAN2_IRQHandler
                0x3000a188        0x8 ./startup/startup_mimxrt1166_cm7.o
                0x3000a188                CAN2_IRQHandler
 .text.CAN2_ERROR_IRQHandler
                0x3000a190        0x8 ./startup/startup_mimxrt1166_cm7.o
                0x3000a190                CAN2_ERROR_IRQHandler
 .text.CAN3_IRQHandler
                0x3000a198        0x8 ./startup/startup_mimxrt1166_cm7.o
                0x3000a198                CAN3_IRQHandler
 .text.CAN3_ERROR_IRQHandler
                0x3000a1a0        0x8 ./startup/startup_mimxrt1166_cm7.o
                0x3000a1a0                CAN3_ERROR_IRQHandler
 .text.FLEXRAM_IRQHandler
                0x3000a1a8        0x8 ./startup/startup_mimxrt1166_cm7.o
                0x3000a1a8                FLEXRAM_IRQHandler
 .text.KPP_IRQHandler
                0x3000a1b0        0x8 ./startup/startup_mimxrt1166_cm7.o
                0x3000a1b0                KPP_IRQHandler
 .text.Reserved68_IRQHandler
                0x3000a1b8        0x8 ./startup/startup_mimxrt1166_cm7.o
                0x3000a1b8                Reserved68_IRQHandler
 .text.GPR_IRQ_IRQHandler
                0x3000a1c0        0x8 ./startup/startup_mimxrt1166_cm7.o
                0x3000a1c0                GPR_IRQ_IRQHandler
 .text.eLCDIF_IRQHandler
                0x3000a1c8        0x8 ./startup/startup_mimxrt1166_cm7.o
                0x3000a1c8                eLCDIF_IRQHandler
 .text.LCDIFv2_IRQHandler
                0x3000a1d0        0x8 ./startup/startup_mimxrt1166_cm7.o
                0x3000a1d0                LCDIFv2_IRQHandler
 .text.CSI_IRQHandler
                0x3000a1d8        0x8 ./startup/startup_mimxrt1166_cm7.o
                0x3000a1d8                CSI_IRQHandler
 .text.PXP_IRQHandler
                0x3000a1e0        0x8 ./startup/startup_mimxrt1166_cm7.o
                0x3000a1e0                PXP_IRQHandler
 .text.MIPI_CSI_IRQHandler
                0x3000a1e8        0x8 ./startup/startup_mimxrt1166_cm7.o
                0x3000a1e8                MIPI_CSI_IRQHandler
 .text.MIPI_DSI_IRQHandler
                0x3000a1f0        0x8 ./startup/startup_mimxrt1166_cm7.o
                0x3000a1f0                MIPI_DSI_IRQHandler
 .text.GPU2D_IRQHandler
                0x3000a1f8        0x8 ./startup/startup_mimxrt1166_cm7.o
                0x3000a1f8                GPU2D_IRQHandler
 .text.GPIO6_Combined_0_15_IRQHandler
                0x3000a200        0x8 ./startup/startup_mimxrt1166_cm7.o
                0x3000a200                GPIO6_Combined_0_15_IRQHandler
 .text.GPIO6_Combined_16_31_IRQHandler
                0x3000a208        0x8 ./startup/startup_mimxrt1166_cm7.o
                0x3000a208                GPIO6_Combined_16_31_IRQHandler
 .text.DAC_IRQHandler
                0x3000a210        0x8 ./startup/startup_mimxrt1166_cm7.o
                0x3000a210                DAC_IRQHandler
 .text.KEY_MANAGER_IRQHandler
                0x3000a218        0x8 ./startup/startup_mimxrt1166_cm7.o
                0x3000a218                KEY_MANAGER_IRQHandler
 .text.WDOG2_IRQHandler
                0x3000a220        0x8 ./startup/startup_mimxrt1166_cm7.o
                0x3000a220                WDOG2_IRQHandler
 .text.SNVS_HP_NON_TZ_IRQHandler
                0x3000a228        0x8 ./startup/startup_mimxrt1166_cm7.o
                0x3000a228                SNVS_HP_NON_TZ_IRQHandler
 .text.SNVS_HP_TZ_IRQHandler
                0x3000a230        0x8 ./startup/startup_mimxrt1166_cm7.o
                0x3000a230                SNVS_HP_TZ_IRQHandler
 .text.SNVS_PULSE_EVENT_IRQHandler
                0x3000a238        0x8 ./startup/startup_mimxrt1166_cm7.o
                0x3000a238                SNVS_PULSE_EVENT_IRQHandler
 .text.CAAM_IRQ0_IRQHandler
                0x3000a240        0x8 ./startup/startup_mimxrt1166_cm7.o
                0x3000a240                CAAM_IRQ0_IRQHandler
 .text.CAAM_IRQ1_IRQHandler
                0x3000a248        0x8 ./startup/startup_mimxrt1166_cm7.o
                0x3000a248                CAAM_IRQ1_IRQHandler
 .text.CAAM_IRQ2_IRQHandler
                0x3000a250        0x8 ./startup/startup_mimxrt1166_cm7.o
                0x3000a250                CAAM_IRQ2_IRQHandler
 .text.CAAM_IRQ3_IRQHandler
                0x3000a258        0x8 ./startup/startup_mimxrt1166_cm7.o
                0x3000a258                CAAM_IRQ3_IRQHandler
 .text.CAAM_RECORVE_ERRPR_IRQHandler
                0x3000a260        0x8 ./startup/startup_mimxrt1166_cm7.o
                0x3000a260                CAAM_RECORVE_ERRPR_IRQHandler
 .text.CAAM_RTIC_IRQHandler
                0x3000a268        0x8 ./startup/startup_mimxrt1166_cm7.o
                0x3000a268                CAAM_RTIC_IRQHandler
 .text.CDOG_IRQHandler
                0x3000a270        0x8 ./startup/startup_mimxrt1166_cm7.o
                0x3000a270                CDOG_IRQHandler
 .text.SAI1_IRQHandler
                0x3000a278        0x8 ./startup/startup_mimxrt1166_cm7.o
                0x3000a278                SAI1_IRQHandler
 .text.SAI2_IRQHandler
                0x3000a280        0x8 ./startup/startup_mimxrt1166_cm7.o
                0x3000a280                SAI2_IRQHandler
 .text.SAI3_RX_IRQHandler
                0x3000a288        0x8 ./startup/startup_mimxrt1166_cm7.o
                0x3000a288                SAI3_RX_IRQHandler
 .text.SAI3_TX_IRQHandler
                0x3000a290        0x8 ./startup/startup_mimxrt1166_cm7.o
                0x3000a290                SAI3_TX_IRQHandler
 .text.SAI4_RX_IRQHandler
                0x3000a298        0x8 ./startup/startup_mimxrt1166_cm7.o
                0x3000a298                SAI4_RX_IRQHandler
 .text.SAI4_TX_IRQHandler
                0x3000a2a0        0x8 ./startup/startup_mimxrt1166_cm7.o
                0x3000a2a0                SAI4_TX_IRQHandler
 .text.SPDIF_IRQHandler
                0x3000a2a8        0x8 ./startup/startup_mimxrt1166_cm7.o
                0x3000a2a8                SPDIF_IRQHandler
 .text.TMPSNS_INT_IRQHandler
                0x3000a2b0        0x8 ./startup/startup_mimxrt1166_cm7.o
                0x3000a2b0                TMPSNS_INT_IRQHandler
 .text.TMPSNS_LOW_HIGH_IRQHandler
                0x3000a2b8        0x8 ./startup/startup_mimxrt1166_cm7.o
                0x3000a2b8                TMPSNS_LOW_HIGH_IRQHandler
 .text.TMPSNS_PANIC_IRQHandler
                0x3000a2c0        0x8 ./startup/startup_mimxrt1166_cm7.o
                0x3000a2c0                TMPSNS_PANIC_IRQHandler
 .text.LPSR_LP8_BROWNOUT_IRQHandler
                0x3000a2c8        0x8 ./startup/startup_mimxrt1166_cm7.o
                0x3000a2c8                LPSR_LP8_BROWNOUT_IRQHandler
 .text.LPSR_LP0_BROWNOUT_IRQHandler
                0x3000a2d0        0x8 ./startup/startup_mimxrt1166_cm7.o
                0x3000a2d0                LPSR_LP0_BROWNOUT_IRQHandler
 .text.ADC1_IRQHandler
                0x3000a2d8        0x8 ./startup/startup_mimxrt1166_cm7.o
                0x3000a2d8                ADC1_IRQHandler
 .text.ADC2_IRQHandler
                0x3000a2e0        0x8 ./startup/startup_mimxrt1166_cm7.o
                0x3000a2e0                ADC2_IRQHandler
 .text.USBPHY1_IRQHandler
                0x3000a2e8        0x8 ./startup/startup_mimxrt1166_cm7.o
                0x3000a2e8                USBPHY1_IRQHandler
 .text.USBPHY2_IRQHandler
                0x3000a2f0        0x8 ./startup/startup_mimxrt1166_cm7.o
                0x3000a2f0                USBPHY2_IRQHandler
 .text.RDC_IRQHandler
                0x3000a2f8        0x8 ./startup/startup_mimxrt1166_cm7.o
                0x3000a2f8                RDC_IRQHandler
 .text.GPIO13_Combined_0_31_IRQHandler
                0x3000a300        0x8 ./startup/startup_mimxrt1166_cm7.o
                0x3000a300                GPIO13_Combined_0_31_IRQHandler
 .text.Reserved110_IRQHandler
                0x3000a308        0x8 ./startup/startup_mimxrt1166_cm7.o
                0x3000a308                Reserved110_IRQHandler
 .text.DCIC1_IRQHandler
                0x3000a310        0x8 ./startup/startup_mimxrt1166_cm7.o
                0x3000a310                DCIC1_IRQHandler
 .text.DCIC2_IRQHandler
                0x3000a318        0x8 ./startup/startup_mimxrt1166_cm7.o
                0x3000a318                DCIC2_IRQHandler
 .text.ASRC_IRQHandler
                0x3000a320        0x8 ./startup/startup_mimxrt1166_cm7.o
                0x3000a320                ASRC_IRQHandler
 .text.FLEXRAM_ECC_IRQHandler
                0x3000a328        0x8 ./startup/startup_mimxrt1166_cm7.o
                0x3000a328                FLEXRAM_ECC_IRQHandler
 .text.CM7_GPIO2_3_IRQHandler
                0x3000a330        0x8 ./startup/startup_mimxrt1166_cm7.o
                0x3000a330                CM7_GPIO2_3_IRQHandler
 .text.GPIO1_Combined_0_15_IRQHandler
                0x3000a338        0x8 ./startup/startup_mimxrt1166_cm7.o
                0x3000a338                GPIO1_Combined_0_15_IRQHandler
 .text.GPIO1_Combined_16_31_IRQHandler
                0x3000a340        0x8 ./startup/startup_mimxrt1166_cm7.o
                0x3000a340                GPIO1_Combined_16_31_IRQHandler
 .text.GPIO2_Combined_0_15_IRQHandler
                0x3000a348        0x8 ./startup/startup_mimxrt1166_cm7.o
                0x3000a348                GPIO2_Combined_0_15_IRQHandler
 .text.GPIO2_Combined_16_31_IRQHandler
                0x3000a350        0x8 ./startup/startup_mimxrt1166_cm7.o
                0x3000a350                GPIO2_Combined_16_31_IRQHandler
 .text.GPIO3_Combined_0_15_IRQHandler
                0x3000a358        0x8 ./startup/startup_mimxrt1166_cm7.o
                0x3000a358                GPIO3_Combined_0_15_IRQHandler
 .text.GPIO3_Combined_16_31_IRQHandler
                0x3000a360        0x8 ./startup/startup_mimxrt1166_cm7.o
                0x3000a360                GPIO3_Combined_16_31_IRQHandler
 .text.GPIO4_Combined_0_15_IRQHandler
                0x3000a368        0x8 ./startup/startup_mimxrt1166_cm7.o
                0x3000a368                GPIO4_Combined_0_15_IRQHandler
 .text.GPIO4_Combined_16_31_IRQHandler
                0x3000a370        0x8 ./startup/startup_mimxrt1166_cm7.o
                0x3000a370                GPIO4_Combined_16_31_IRQHandler
 .text.GPIO5_Combined_0_15_IRQHandler
                0x3000a378        0x8 ./startup/startup_mimxrt1166_cm7.o
                0x3000a378                GPIO5_Combined_0_15_IRQHandler
 .text.GPIO5_Combined_16_31_IRQHandler
                0x3000a380        0x8 ./startup/startup_mimxrt1166_cm7.o
                0x3000a380                GPIO5_Combined_16_31_IRQHandler
 .text.FLEXIO1_IRQHandler
                0x3000a388        0x8 ./startup/startup_mimxrt1166_cm7.o
                0x3000a388                FLEXIO1_IRQHandler
 .text.FLEXIO2_IRQHandler
                0x3000a390        0x8 ./startup/startup_mimxrt1166_cm7.o
                0x3000a390                FLEXIO2_IRQHandler
 .text.WDOG1_IRQHandler
                0x3000a398        0x8 ./startup/startup_mimxrt1166_cm7.o
                0x3000a398                WDOG1_IRQHandler
 .text.RTWDOG3_IRQHandler
                0x3000a3a0        0x8 ./startup/startup_mimxrt1166_cm7.o
                0x3000a3a0                RTWDOG3_IRQHandler
 .text.EWM_IRQHandler
                0x3000a3a8        0x8 ./startup/startup_mimxrt1166_cm7.o
                0x3000a3a8                EWM_IRQHandler
 .text.OCOTP_READ_FUSE_ERROR_IRQHandler
                0x3000a3b0        0x8 ./startup/startup_mimxrt1166_cm7.o
                0x3000a3b0                OCOTP_READ_FUSE_ERROR_IRQHandler
 .text.OCOTP_READ_DONE_ERROR_IRQHandler
                0x3000a3b8        0x8 ./startup/startup_mimxrt1166_cm7.o
                0x3000a3b8                OCOTP_READ_DONE_ERROR_IRQHandler
 .text.GPC_IRQHandler
                0x3000a3c0        0x8 ./startup/startup_mimxrt1166_cm7.o
                0x3000a3c0                GPC_IRQHandler
 .text.MUA_IRQHandler
                0x3000a3c8        0x8 ./startup/startup_mimxrt1166_cm7.o
                0x3000a3c8                MUA_IRQHandler
 .text.GPT1_IRQHandler
                0x3000a3d0        0x8 ./startup/startup_mimxrt1166_cm7.o
                0x3000a3d0                GPT1_IRQHandler
 .text.GPT2_IRQHandler
                0x3000a3d8        0x8 ./startup/startup_mimxrt1166_cm7.o
                0x3000a3d8                GPT2_IRQHandler
 .text.GPT3_IRQHandler
                0x3000a3e0        0x8 ./startup/startup_mimxrt1166_cm7.o
                0x3000a3e0                GPT3_IRQHandler
 .text.GPT4_IRQHandler
                0x3000a3e8        0x8 ./startup/startup_mimxrt1166_cm7.o
                0x3000a3e8                GPT4_IRQHandler
 .text.GPT5_IRQHandler
                0x3000a3f0        0x8 ./startup/startup_mimxrt1166_cm7.o
                0x3000a3f0                GPT5_IRQHandler
 .text.GPT6_IRQHandler
                0x3000a3f8        0x8 ./startup/startup_mimxrt1166_cm7.o
                0x3000a3f8                GPT6_IRQHandler
 .text.PWM1_0_IRQHandler
                0x3000a400        0x8 ./startup/startup_mimxrt1166_cm7.o
                0x3000a400                PWM1_0_IRQHandler
 .text.PWM1_1_IRQHandler
                0x3000a408        0x8 ./startup/startup_mimxrt1166_cm7.o
                0x3000a408                PWM1_1_IRQHandler
 .text.PWM1_2_IRQHandler
                0x3000a410        0x8 ./startup/startup_mimxrt1166_cm7.o
                0x3000a410                PWM1_2_IRQHandler
 .text.PWM1_3_IRQHandler
                0x3000a418        0x8 ./startup/startup_mimxrt1166_cm7.o
                0x3000a418                PWM1_3_IRQHandler
 .text.PWM1_FAULT_IRQHandler
                0x3000a420        0x8 ./startup/startup_mimxrt1166_cm7.o
                0x3000a420                PWM1_FAULT_IRQHandler
 .text.FLEXSPI1_IRQHandler
                0x3000a428        0x8 ./startup/startup_mimxrt1166_cm7.o
                0x3000a428                FLEXSPI1_IRQHandler
 .text.FLEXSPI2_IRQHandler
                0x3000a430        0x8 ./startup/startup_mimxrt1166_cm7.o
                0x3000a430                FLEXSPI2_IRQHandler
 .text.SEMC_IRQHandler
                0x3000a438        0x8 ./startup/startup_mimxrt1166_cm7.o
                0x3000a438                SEMC_IRQHandler
 .text.USDHC1_IRQHandler
                0x3000a440        0x8 ./startup/startup_mimxrt1166_cm7.o
                0x3000a440                USDHC1_IRQHandler
 .text.USDHC2_IRQHandler
                0x3000a448        0x8 ./startup/startup_mimxrt1166_cm7.o
                0x3000a448                USDHC2_IRQHandler
 .text.USB_OTG2_IRQHandler
                0x3000a450        0x8 ./startup/startup_mimxrt1166_cm7.o
                0x3000a450                USB_OTG2_IRQHandler
 .text.USB_OTG1_IRQHandler
                0x3000a458        0x8 ./startup/startup_mimxrt1166_cm7.o
                0x3000a458                USB_OTG1_IRQHandler
 .text.ENET_IRQHandler
                0x3000a460        0x8 ./startup/startup_mimxrt1166_cm7.o
                0x3000a460                ENET_IRQHandler
 .text.ENET_1588_Timer_IRQHandler
                0x3000a468        0x8 ./startup/startup_mimxrt1166_cm7.o
                0x3000a468                ENET_1588_Timer_IRQHandler
 .text.ENET_1G_MAC0_Tx_Rx_1_IRQHandler
                0x3000a470        0x8 ./startup/startup_mimxrt1166_cm7.o
                0x3000a470                ENET_1G_MAC0_Tx_Rx_1_IRQHandler
 .text.ENET_1G_MAC0_Tx_Rx_2_IRQHandler
                0x3000a478        0x8 ./startup/startup_mimxrt1166_cm7.o
                0x3000a478                ENET_1G_MAC0_Tx_Rx_2_IRQHandler
 .text.ENET_1G_IRQHandler
                0x3000a480        0x8 ./startup/startup_mimxrt1166_cm7.o
                0x3000a480                ENET_1G_IRQHandler
 .text.ENET_1G_1588_Timer_IRQHandler
                0x3000a488        0x8 ./startup/startup_mimxrt1166_cm7.o
                0x3000a488                ENET_1G_1588_Timer_IRQHandler
 .text.XBAR1_IRQ_0_1_IRQHandler
                0x3000a490        0x8 ./startup/startup_mimxrt1166_cm7.o
                0x3000a490                XBAR1_IRQ_0_1_IRQHandler
 .text.XBAR1_IRQ_2_3_IRQHandler
                0x3000a498        0x8 ./startup/startup_mimxrt1166_cm7.o
                0x3000a498                XBAR1_IRQ_2_3_IRQHandler
 .text.ADC_ETC_IRQ0_IRQHandler
                0x3000a4a0        0x8 ./startup/startup_mimxrt1166_cm7.o
                0x3000a4a0                ADC_ETC_IRQ0_IRQHandler
 .text.ADC_ETC_IRQ1_IRQHandler
                0x3000a4a8        0x8 ./startup/startup_mimxrt1166_cm7.o
                0x3000a4a8                ADC_ETC_IRQ1_IRQHandler
 .text.ADC_ETC_IRQ2_IRQHandler
                0x3000a4b0        0x8 ./startup/startup_mimxrt1166_cm7.o
                0x3000a4b0                ADC_ETC_IRQ2_IRQHandler
 .text.ADC_ETC_IRQ3_IRQHandler
                0x3000a4b8        0x8 ./startup/startup_mimxrt1166_cm7.o
                0x3000a4b8                ADC_ETC_IRQ3_IRQHandler
 .text.ADC_ETC_ERROR_IRQ_IRQHandler
                0x3000a4c0        0x8 ./startup/startup_mimxrt1166_cm7.o
                0x3000a4c0                ADC_ETC_ERROR_IRQ_IRQHandler
 .text.Reserved166_IRQHandler
                0x3000a4c8        0x8 ./startup/startup_mimxrt1166_cm7.o
                0x3000a4c8                Reserved166_IRQHandler
 .text.Reserved167_IRQHandler
                0x3000a4d0        0x8 ./startup/startup_mimxrt1166_cm7.o
                0x3000a4d0                Reserved167_IRQHandler
 .text.Reserved168_IRQHandler
                0x3000a4d8        0x8 ./startup/startup_mimxrt1166_cm7.o
                0x3000a4d8                Reserved168_IRQHandler
 .text.Reserved169_IRQHandler
                0x3000a4e0        0x8 ./startup/startup_mimxrt1166_cm7.o
                0x3000a4e0                Reserved169_IRQHandler
 .text.Reserved170_IRQHandler
                0x3000a4e8        0x8 ./startup/startup_mimxrt1166_cm7.o
                0x3000a4e8                Reserved170_IRQHandler
 .text.PIT1_IRQHandler
                0x3000a4f0        0x8 ./startup/startup_mimxrt1166_cm7.o
                0x3000a4f0                PIT1_IRQHandler
 .text.PIT2_IRQHandler
                0x3000a4f8        0x8 ./startup/startup_mimxrt1166_cm7.o
                0x3000a4f8                PIT2_IRQHandler
 .text.ACMP1_IRQHandler
                0x3000a500        0x8 ./startup/startup_mimxrt1166_cm7.o
                0x3000a500                ACMP1_IRQHandler
 .text.ACMP2_IRQHandler
                0x3000a508        0x8 ./startup/startup_mimxrt1166_cm7.o
                0x3000a508                ACMP2_IRQHandler
 .text.ACMP3_IRQHandler
                0x3000a510        0x8 ./startup/startup_mimxrt1166_cm7.o
                0x3000a510                ACMP3_IRQHandler
 .text.ACMP4_IRQHandler
                0x3000a518        0x8 ./startup/startup_mimxrt1166_cm7.o
                0x3000a518                ACMP4_IRQHandler
 .text.Reserved177_IRQHandler
                0x3000a520        0x8 ./startup/startup_mimxrt1166_cm7.o
                0x3000a520                Reserved177_IRQHandler
 .text.Reserved178_IRQHandler
                0x3000a528        0x8 ./startup/startup_mimxrt1166_cm7.o
                0x3000a528                Reserved178_IRQHandler
 .text.Reserved179_IRQHandler
                0x3000a530        0x8 ./startup/startup_mimxrt1166_cm7.o
                0x3000a530                Reserved179_IRQHandler
 .text.Reserved180_IRQHandler
                0x3000a538        0x8 ./startup/startup_mimxrt1166_cm7.o
                0x3000a538                Reserved180_IRQHandler
 .text.ENC1_IRQHandler
                0x3000a540        0x8 ./startup/startup_mimxrt1166_cm7.o
                0x3000a540                ENC1_IRQHandler
 .text.ENC2_IRQHandler
                0x3000a548        0x8 ./startup/startup_mimxrt1166_cm7.o
                0x3000a548                ENC2_IRQHandler
 .text.ENC3_IRQHandler
                0x3000a550        0x8 ./startup/startup_mimxrt1166_cm7.o
                0x3000a550                ENC3_IRQHandler
 .text.ENC4_IRQHandler
                0x3000a558        0x8 ./startup/startup_mimxrt1166_cm7.o
                0x3000a558                ENC4_IRQHandler
 .text.Reserved185_IRQHandler
                0x3000a560        0x8 ./startup/startup_mimxrt1166_cm7.o
                0x3000a560                Reserved185_IRQHandler
 .text.Reserved186_IRQHandler
                0x3000a568        0x8 ./startup/startup_mimxrt1166_cm7.o
                0x3000a568                Reserved186_IRQHandler
 .text.TMR1_IRQHandler
                0x3000a570        0x8 ./startup/startup_mimxrt1166_cm7.o
                0x3000a570                TMR1_IRQHandler
 .text.TMR2_IRQHandler
                0x3000a578        0x8 ./startup/startup_mimxrt1166_cm7.o
                0x3000a578                TMR2_IRQHandler
 .text.TMR3_IRQHandler
                0x3000a580        0x8 ./startup/startup_mimxrt1166_cm7.o
                0x3000a580                TMR3_IRQHandler
 .text.TMR4_IRQHandler
                0x3000a588        0x8 ./startup/startup_mimxrt1166_cm7.o
                0x3000a588                TMR4_IRQHandler
 .text.SEMA4_CP0_IRQHandler
                0x3000a590        0x8 ./startup/startup_mimxrt1166_cm7.o
                0x3000a590                SEMA4_CP0_IRQHandler
 .text.SEMA4_CP1_IRQHandler
                0x3000a598        0x8 ./startup/startup_mimxrt1166_cm7.o
                0x3000a598                SEMA4_CP1_IRQHandler
 .text.PWM2_0_IRQHandler
                0x3000a5a0        0x8 ./startup/startup_mimxrt1166_cm7.o
                0x3000a5a0                PWM2_0_IRQHandler
 .text.PWM2_1_IRQHandler
                0x3000a5a8        0x8 ./startup/startup_mimxrt1166_cm7.o
                0x3000a5a8                PWM2_1_IRQHandler
 .text.PWM2_2_IRQHandler
                0x3000a5b0        0x8 ./startup/startup_mimxrt1166_cm7.o
                0x3000a5b0                PWM2_2_IRQHandler
 .text.PWM2_3_IRQHandler
                0x3000a5b8        0x8 ./startup/startup_mimxrt1166_cm7.o
                0x3000a5b8                PWM2_3_IRQHandler
 .text.PWM2_FAULT_IRQHandler
                0x3000a5c0        0x8 ./startup/startup_mimxrt1166_cm7.o
                0x3000a5c0                PWM2_FAULT_IRQHandler
 .text.PWM3_0_IRQHandler
                0x3000a5c8        0x8 ./startup/startup_mimxrt1166_cm7.o
                0x3000a5c8                PWM3_0_IRQHandler
 .text.PWM3_1_IRQHandler
                0x3000a5d0        0x8 ./startup/startup_mimxrt1166_cm7.o
                0x3000a5d0                PWM3_1_IRQHandler
 .text.PWM3_2_IRQHandler
                0x3000a5d8        0x8 ./startup/startup_mimxrt1166_cm7.o
                0x3000a5d8                PWM3_2_IRQHandler
 .text.PWM3_3_IRQHandler
                0x3000a5e0        0x8 ./startup/startup_mimxrt1166_cm7.o
                0x3000a5e0                PWM3_3_IRQHandler
 .text.PWM3_FAULT_IRQHandler
                0x3000a5e8        0x8 ./startup/startup_mimxrt1166_cm7.o
                0x3000a5e8                PWM3_FAULT_IRQHandler
 .text.PWM4_0_IRQHandler
                0x3000a5f0        0x8 ./startup/startup_mimxrt1166_cm7.o
                0x3000a5f0                PWM4_0_IRQHandler
 .text.PWM4_1_IRQHandler
                0x3000a5f8        0x8 ./startup/startup_mimxrt1166_cm7.o
                0x3000a5f8                PWM4_1_IRQHandler
 .text.PWM4_2_IRQHandler
                0x3000a600        0x8 ./startup/startup_mimxrt1166_cm7.o
                0x3000a600                PWM4_2_IRQHandler
 .text.PWM4_3_IRQHandler
                0x3000a608        0x8 ./startup/startup_mimxrt1166_cm7.o
                0x3000a608                PWM4_3_IRQHandler
 .text.PWM4_FAULT_IRQHandler
                0x3000a610        0x8 ./startup/startup_mimxrt1166_cm7.o
                0x3000a610                PWM4_FAULT_IRQHandler
 .text.Reserved208_IRQHandler
                0x3000a618        0x8 ./startup/startup_mimxrt1166_cm7.o
                0x3000a618                Reserved208_IRQHandler
 .text.Reserved209_IRQHandler
                0x3000a620        0x8 ./startup/startup_mimxrt1166_cm7.o
                0x3000a620                Reserved209_IRQHandler
 .text.Reserved210_IRQHandler
                0x3000a628        0x8 ./startup/startup_mimxrt1166_cm7.o
                0x3000a628                Reserved210_IRQHandler
 .text.Reserved211_IRQHandler
                0x3000a630        0x8 ./startup/startup_mimxrt1166_cm7.o
                0x3000a630                Reserved211_IRQHandler
 .text.Reserved212_IRQHandler
                0x3000a638        0x8 ./startup/startup_mimxrt1166_cm7.o
                0x3000a638                Reserved212_IRQHandler
 .text.Reserved213_IRQHandler
                0x3000a640        0x8 ./startup/startup_mimxrt1166_cm7.o
                0x3000a640                Reserved213_IRQHandler
 .text.Reserved214_IRQHandler
                0x3000a648        0x8 ./startup/startup_mimxrt1166_cm7.o
                0x3000a648                Reserved214_IRQHandler
 .text.Reserved215_IRQHandler
                0x3000a650        0x8 ./startup/startup_mimxrt1166_cm7.o
                0x3000a650                Reserved215_IRQHandler
 .text.PDM_HWVAD_EVENT_IRQHandler
                0x3000a658        0x8 ./startup/startup_mimxrt1166_cm7.o
                0x3000a658                PDM_HWVAD_EVENT_IRQHandler
 .text.PDM_HWVAD_ERROR_IRQHandler
                0x3000a660        0x8 ./startup/startup_mimxrt1166_cm7.o
                0x3000a660                PDM_HWVAD_ERROR_IRQHandler
 .text.PDM_EVENT_IRQHandler
                0x3000a668        0x8 ./startup/startup_mimxrt1166_cm7.o
                0x3000a668                PDM_EVENT_IRQHandler
 .text.PDM_ERROR_IRQHandler
                0x3000a670        0x8 ./startup/startup_mimxrt1166_cm7.o
                0x3000a670                PDM_ERROR_IRQHandler
 .text.EMVSIM1_IRQHandler
                0x3000a678        0x8 ./startup/startup_mimxrt1166_cm7.o
                0x3000a678                EMVSIM1_IRQHandler
 .text.EMVSIM2_IRQHandler
                0x3000a680        0x8 ./startup/startup_mimxrt1166_cm7.o
                0x3000a680                EMVSIM2_IRQHandler
 .text.MECC1_INT_IRQHandler
                0x3000a688        0x8 ./startup/startup_mimxrt1166_cm7.o
                0x3000a688                MECC1_INT_IRQHandler
 .text.MECC1_FATAL_INT_IRQHandler
                0x3000a690        0x8 ./startup/startup_mimxrt1166_cm7.o
                0x3000a690                MECC1_FATAL_INT_IRQHandler
 .text.MECC2_INT_IRQHandler
                0x3000a698        0x8 ./startup/startup_mimxrt1166_cm7.o
                0x3000a698                MECC2_INT_IRQHandler
 .text.MECC2_FATAL_INT_IRQHandler
                0x3000a6a0        0x8 ./startup/startup_mimxrt1166_cm7.o
                0x3000a6a0                MECC2_FATAL_INT_IRQHandler
 .text.XECC_FLEXSPI1_INT_IRQHandler
                0x3000a6a8        0x8 ./startup/startup_mimxrt1166_cm7.o
                0x3000a6a8                XECC_FLEXSPI1_INT_IRQHandler
 .text.XECC_FLEXSPI1_FATAL_INT_IRQHandler
                0x3000a6b0        0x8 ./startup/startup_mimxrt1166_cm7.o
                0x3000a6b0                XECC_FLEXSPI1_FATAL_INT_IRQHandler
 .text.XECC_FLEXSPI2_INT_IRQHandler
                0x3000a6b8        0x8 ./startup/startup_mimxrt1166_cm7.o
                0x3000a6b8                XECC_FLEXSPI2_INT_IRQHandler
 .text.XECC_FLEXSPI2_FATAL_INT_IRQHandler
                0x3000a6c0        0x8 ./startup/startup_mimxrt1166_cm7.o
                0x3000a6c0                XECC_FLEXSPI2_FATAL_INT_IRQHandler
 .text.XECC_SEMC_INT_IRQHandler
                0x3000a6c8        0x8 ./startup/startup_mimxrt1166_cm7.o
                0x3000a6c8                XECC_SEMC_INT_IRQHandler
 .text.XECC_SEMC_FATAL_INT_IRQHandler
                0x3000a6d0        0x8 ./startup/startup_mimxrt1166_cm7.o
                0x3000a6d0                XECC_SEMC_FATAL_INT_IRQHandler
 .text.mb_crc_add
                0x3000a6d8       0x48 ./source/modbus/mb-crc.o
                0x3000a6d8                mb_crc_add
 .text.mb_crc_check
                0x3000a720       0x56 ./source/modbus/mb-crc.o
                0x3000a720                mb_crc_check
 .text.mb_rx_packet_split
                0x3000a776       0xe4 ./source/modbus/mb-link.o
                0x3000a776                mb_rx_packet_split
 .text.mb_get_packet_type
                0x3000a85a       0x5c ./source/modbus/mb-link.o
                0x3000a85a                mb_get_packet_type
 .text.mb_packet_request_read_holding_registers
                0x3000a8b6       0x48 ./source/modbus/mb-packet.o
                0x3000a8b6                mb_packet_request_read_holding_registers
 .text.mb_tx_packet_handler
                0x3000a8fe       0x2a ./source/modbus/mb.o
                0x3000a8fe                mb_tx_packet_handler
 .text.mb_rx_new_data
                0x3000a928       0x1a ./source/modbus/mb.o
                0x3000a928                mb_rx_new_data
 .text.mb_rx_timeout_handler
                0x3000a942        0xc ./source/modbus/mb.o
                0x3000a942                mb_rx_timeout_handler
 .text.master_process
                0x3000a94e       0x18 ./source/freertos_lpuart.o
 .text.HardFault_Handler
                0x3000a966       0x36 ./source/semihost_hardfault.o
                0x3000a966                HardFault_Handler
 .text.xEventGroupCreate
                0x3000a99c       0x2e ./freertos/freertos-kernel/event_groups.o
                0x3000a99c                xEventGroupCreate
 .text.xEventGroupClearBits
                0x3000a9ca       0x6e ./freertos/freertos-kernel/event_groups.o
                0x3000a9ca                xEventGroupClearBits
 .text.xEventGroupSetBits
                0x3000aa38      0x114 ./freertos/freertos-kernel/event_groups.o
                0x3000aa38                xEventGroupSetBits
 .text.vEventGroupDelete
                0x3000ab4c       0x7e ./freertos/freertos-kernel/event_groups.o
                0x3000ab4c                vEventGroupDelete
 .text.vEventGroupSetBitsCallback
                0x3000abca       0x1a ./freertos/freertos-kernel/event_groups.o
                0x3000abca                vEventGroupSetBitsCallback
 .text.prvTestWaitCondition
                0x3000abe4       0x44 ./freertos/freertos-kernel/event_groups.o
 .text.vListInitialise
                0x3000ac28       0x40 ./freertos/freertos-kernel/list.o
                0x3000ac28                vListInitialise
 .text.vListInitialiseItem
                0x3000ac68       0x1a ./freertos/freertos-kernel/list.o
                0x3000ac68                vListInitialiseItem
 .text.vListInsertEnd
                0x3000ac82       0x48 ./freertos/freertos-kernel/list.o
                0x3000ac82                vListInsertEnd
 .text.vListInsert
                0x3000acca       0x72 ./freertos/freertos-kernel/list.o
                0x3000acca                vListInsert
 .text.uxListRemove
                0x3000ad3c       0x54 ./freertos/freertos-kernel/list.o
                0x3000ad3c                uxListRemove
 .text.xQueueGenericCreate
                0x3000ad90       0x9c ./freertos/freertos-kernel/queue.o
                0x3000ad90                xQueueGenericCreate
 .text.prvInitialiseNewQueue
                0x3000ae2c       0x46 ./freertos/freertos-kernel/queue.o
 .text.prvInitialiseMutex
                0x3000ae72       0x34 ./freertos/freertos-kernel/queue.o
 .text.xQueueCreateMutex
                0x3000aea6       0x30 ./freertos/freertos-kernel/queue.o
                0x3000aea6                xQueueCreateMutex
 .text.xQueueGenericSendFromISR
                0x3000aed6      0x164 ./freertos/freertos-kernel/queue.o
                0x3000aed6                xQueueGenericSendFromISR
 .text.vQueueDelete
                0x3000b03a       0x3c ./freertos/freertos-kernel/queue.o
                0x3000b03a                vQueueDelete
 .text.prvGetDisinheritPriorityAfterTimeout
                0x3000b076       0x30 ./freertos/freertos-kernel/queue.o
 .text.prvCopyDataToQueue
                0x3000b0a6       0xd4 ./freertos/freertos-kernel/queue.o
 .text.prvCopyDataFromQueue
                0x3000b17a       0x4c ./freertos/freertos-kernel/queue.o
 .text.prvUnlockQueue
                0x3000b1c6       0xa4 ./freertos/freertos-kernel/queue.o
 .text.prvIsQueueEmpty
                0x3000b26a       0x2c ./freertos/freertos-kernel/queue.o
 .text.prvIsQueueFull
                0x3000b296       0x30 ./freertos/freertos-kernel/queue.o
 .text.vQueueWaitForMessageRestricted
                0x3000b2c6       0x68 ./freertos/freertos-kernel/queue.o
                0x3000b2c6                vQueueWaitForMessageRestricted
 .text.xTaskCreate
                0x3000b32e       0x8c ./freertos/freertos-kernel/tasks.o
                0x3000b32e                xTaskCreate
 .text.prvInitialiseNewTask
                0x3000b3ba      0x122 ./freertos/freertos-kernel/tasks.o
 .text.prvDeleteTCB
                0x3000b4dc       0x20 ./freertos/freertos-kernel/tasks.o
 .text.prvReloadTimer
                0x3000b4fc       0x42 ./freertos/freertos-kernel/timers.o
 .text.prvTimerTask
                0x3000b53e       0x24 ./freertos/freertos-kernel/timers.o
 .text.LPUART_EnableTx
                0x3000b562       0x38 ./drivers/freertos/fsl_lpuart_freertos.o
 .text.LPUART_EnableRx
                0x3000b59a       0x38 ./drivers/freertos/fsl_lpuart_freertos.o
 .text.LPUART_RTOS_SetRxTimeout
                0x3000b5d2       0x30 ./drivers/freertos/fsl_lpuart_freertos.o
                0x3000b5d2                LPUART_RTOS_SetRxTimeout
 .text.ANATOP_AI_Write
                0x3000b602       0x24 ./drivers/fsl_anatop_ai.o
                0x3000b602                ANATOP_AI_Write
 .text.ANATOP_AI_Read
                0x3000b626       0x28 ./drivers/fsl_anatop_ai.o
                0x3000b626                ANATOP_AI_Read
 .text.ANATOP_AI_WriteWithMaskShift
                0x3000b64e       0x4a ./drivers/fsl_anatop_ai.o
                0x3000b64e                ANATOP_AI_WriteWithMaskShift
 .text.CLOCK_GetM7Freq
                0x3000b698       0x10 ./drivers/fsl_clock.o
 .text.ANATOP_PllSetPower
                0x3000b6a8       0x3c ./drivers/fsl_clock.o
 .text.ANATOP_PllBypass
                0x3000b6e4       0x30 ./drivers/fsl_clock.o
 .text.ANATOP_PllEnablePllReg
                0x3000b714       0x30 ./drivers/fsl_clock.o
 .text.ANATOP_PllHoldRingOff
                0x3000b744       0x30 ./drivers/fsl_clock.o
 .text.ANATOP_PllEnableSs
                0x3000b774       0x30 ./drivers/fsl_clock.o
 .text.ANATOP_PllEnableClk
                0x3000b7a4       0x30 ./drivers/fsl_clock.o
 .text.CLOCK_DeinitAudioPll
                0x3000b7d4       0x34 ./drivers/fsl_clock.o
                0x3000b7d4                CLOCK_DeinitAudioPll
 .text.CLOCK_DeinitSysPll1
                0x3000b808       0x40 ./drivers/fsl_clock.o
                0x3000b808                CLOCK_DeinitSysPll1
 .text.CLOCK_OSC_Set1MHzOutputBehavior
                0x3000b848       0x4c ./drivers/fsl_clock.o
                0x3000b848                CLOCK_OSC_Set1MHzOutputBehavior
 .text.DelayLoop
                0x3000b894       0x20 ./drivers/fsl_common_arm.o
 .text.CLOCK_EnableClock
                0x3000b8b4       0x1c ./drivers/fsl_lpuart.o
 .text.EnableIRQ
                0x3000b8d0       0x32 ./drivers/fsl_lpuart.o
 .text.DisableGlobalIRQ
                0x3000b902       0x22 ./drivers/fsl_lpuart.o
 .text.EnableGlobalIRQ
                0x3000b924       0x20 ./drivers/fsl_lpuart.o
 .text.LPUART_SoftwareReset
                0x3000b944       0x2c ./drivers/fsl_lpuart.o
 .text.LPUART_TransferHandleReceiveDataFull
                0x3000b970      0x192 ./drivers/fsl_lpuart.o
 .text.LPUART_TransferHandleSendDataEmpty
                0x3000bb02       0x9e ./drivers/fsl_lpuart.o
 .text.LPUART_TransferHandleTransmissionComplete
                0x3000bba0       0x4c ./drivers/fsl_lpuart.o
 .text.SystemInitHook
                0x3000bbec        0xe ./device/system_MIMXRT1166_cm7.o
                0x3000bbec                SystemInitHook
 .text.SerialManager_StartWriting
                0x3000bbfa       0x38 ./component/serial_manager/fsl_component_serial_manager.o
 .text.SerialManager_Write
                0x3000bc32       0x44 ./component/serial_manager/fsl_component_serial_manager.o
 .text.SerialManager_WriteBlocking
                0x3000bc76       0x20 ./component/serial_manager/fsl_component_serial_manager.o
                0x3000bc76                SerialManager_WriteBlocking
 .text.Serial_UartWrite
                0x3000bc96       0x38 ./component/serial_manager/fsl_component_serial_port_uart.o
                0x3000bc96                Serial_UartWrite
 .text.BOARD_DebugConsoleSrcFreq
                0x3000bcce       0x10 ./board/board.o
                0x3000bcce                BOARD_DebugConsoleSrcFreq
 .text.IOMUXC_SetSaiMClkClockSource
                0x3000bcde       0xac ./board/clock_config.o
 .text.CLOCK_EnableClock
                0x3000bd8a       0x1c ./board/pin_mux.o
 .text.IOMUXC_SetPinMux
                0x3000bda6       0x3a ./board/pin_mux.o
 .text.IOMUXC_SetPinConfig
                0x3000bde0       0x26 ./board/pin_mux.o