../drivers/fsl_clock.h:2036:24:CLOCK_GetRootClockMux	16	static
../drivers/fsl_clock.h:2077:24:CLOCK_GetRootClockDiv	16	static
../drivers/fsl_clock.h:2143:20:CLOCK_ControlGate	16	static
../drivers/fsl_clock.h:2162:20:CLOCK_EnableClock	16	static
../drivers/fsl_clock.h:2205:24:CLOCK_GetRootClockFreq	32	static
../drivers/fsl_clock.h:2219:24:CLOCK_GetM7Freq	8	static
../drivers/fsl_clock.h:3111:20:CLOCK_ROOT_ControlByUnassignedMode	16	static
../drivers/fsl_clock.h:3126:20:CLOCK_ROOT_ConfigSetPoint	24	static
../drivers/fsl_clock.h:3145:20:CLOCK_ROOT_EnableSetPointControl	16	static
../drivers/fsl_clock.c:118:6:CLOCK_InitArmPll	24	static
../drivers/fsl_clock.c:175:6:CLOCK_DeinitArmPll	16	static
../drivers/fsl_clock.c:184:6:CLOCK_CalcPllSpreadSpectrum	24	static
../drivers/fsl_clock.c:193:6:CLOCK_InitSysPll2	24	static
../drivers/fsl_clock.c:273:6:CLOCK_DeinitSysPll2	4	static
../drivers/fsl_clock.c:295:6:CLOCK_IsSysPll2PfdEnabled	16	static
../drivers/fsl_clock.c:303:6:CLOCK_InitPfd	40	static
../drivers/fsl_clock.c:359:6:CLOCK_DeinitPfd	24	static
../drivers/fsl_clock.c:388:10:CLOCK_GetPfdFreq	24	static
../drivers/fsl_clock.c:440:6:CLOCK_InitSysPll3	16	static
../drivers/fsl_clock.c:498:6:CLOCK_DeinitSysPll3	4	static
../drivers/fsl_clock.c:518:6:CLOCK_IsSysPll3PfdEnabled	16	static
../drivers/fsl_clock.c:524:6:CLOCK_SetPllBypass	16	static
../drivers/fsl_clock.c:555:13:ANATOP_PllSetPower	16	static
../drivers/fsl_clock.c:561:13:ANATOP_PllBypass	16	static
../drivers/fsl_clock.c:566:13:ANATOP_PllEnablePllReg	16	static
../drivers/fsl_clock.c:571:13:ANATOP_PllHoldRingOff	16	static
../drivers/fsl_clock.c:576:13:ANATOP_PllToggleHoldRingOff	16	static
../drivers/fsl_clock.c:583:13:ANATOP_PllEnableSs	16	static
../drivers/fsl_clock.c:588:13:ANATOP_PllEnableClk	16	static
../drivers/fsl_clock.c:593:13:ANATOP_PllConfigure	24	static
../drivers/fsl_clock.c:618:13:ANATOP_AudioPllGate	16	static
../drivers/fsl_clock.c:630:13:ANATOP_AudioPllSwEnClk	16	static
../drivers/fsl_clock.c:642:10:CLOCK_InitAudioPllWithFreq	48	static
../drivers/fsl_clock.c:661:6:CLOCK_InitAudioPll	40	static
../drivers/fsl_clock.c:712:6:CLOCK_DeinitAudioPll	8	static
../drivers/fsl_clock.c:722:6:CLOCK_GPC_SetAudioPllOutputFreq	16	static
../drivers/fsl_clock.c:738:13:ANATOP_VideoPllGate	16	static
../drivers/fsl_clock.c:750:13:ANATOP_VideoPllSwEnClk	16	static
../drivers/fsl_clock.c:762:10:CLOCK_CalcArmPllFreq	24	static
../drivers/fsl_clock.c:795:10:CLOCK_InitArmPllWithFreq	24	static
../drivers/fsl_clock.c:806:10:CLOCK_CalcAvPllFreq	24	static
../drivers/fsl_clock.c:876:10:CLOCK_InitVideoPllWithFreq	48	static
../drivers/fsl_clock.c:895:6:CLOCK_InitVideoPll	40	static
../drivers/fsl_clock.c:946:6:CLOCK_DeinitVideoPll	8	static
../drivers/fsl_clock.c:956:6:CLOCK_GPC_SetVideoPllOutputFreq	16	static
../drivers/fsl_clock.c:973:13:ANATOP_SysPll1Gate	16	static
../drivers/fsl_clock.c:985:13:ANATOP_SysPll1Div2En	16	static
../drivers/fsl_clock.c:997:13:ANATOP_SysPll1Div5En	16	static
../drivers/fsl_clock.c:1009:13:ANATOP_SysPll1SwEnClk	16	static
../drivers/fsl_clock.c:1021:13:ANATOP_SysPll1WaitStable	16	static
../drivers/fsl_clock.c:1032:6:CLOCK_InitSysPll1	40	static
../drivers/fsl_clock.c:1076:6:CLOCK_DeinitSysPll1	8	static
../drivers/fsl_clock.c:1088:6:CLOCK_GPC_SetSysPll1OutputFreq	16	static
../drivers/fsl_clock.c:1105:6:CLOCK_OSC_EnableOsc24M	4	static
../drivers/fsl_clock.c:1123:6:CLOCK_OSC_SetOsc24MWorkMode	24	static
../drivers/fsl_clock.c:1145:6:CLOCK_OSC_SetOsc16MConfig	24	static
../drivers/fsl_clock.c:1164:6:CLOCK_OSC_SetOscRc400MRefClkDiv	24	static
../drivers/fsl_clock.c:1179:6:CLOCK_OSC_SetOscRc400MFastClkCount	24	static
../drivers/fsl_clock.c:1198:6:CLOCK_OSC_SetOscRc400MHysteresisValue	24	static
../drivers/fsl_clock.c:1216:6:CLOCK_OSC_BypassOscRc400MTuneLogic	16	static
../drivers/fsl_clock.c:1235:6:CLOCK_OSC_EnableOscRc400MTuneLogic	16	static
../drivers/fsl_clock.c:1254:6:CLOCK_OSC_FreezeOscRc400MTuneValue	16	static
../drivers/fsl_clock.c:1271:6:CLOCK_OSC_SetOscRc400MTuneValue	24	static
../drivers/fsl_clock.c:1289:6:CLOCK_OSC_Set1MHzOutputBehavior	24	static
../drivers/fsl_clock.c:1316:6:CLOCK_OSC_SetLocked1MHzCount	32	static
../drivers/fsl_clock.c:1343:6:CLOCK_OSC_CheckLocked1MHzErrorFlag	16	static
../drivers/fsl_clock.c:1355:6:CLOCK_OSC_ClearLocked1MHzErrorFlag	8	static
../drivers/fsl_clock.c:1365:10:CLOCK_OSC_GetCurrentOscRc400MFastClockCount	16	static
../drivers/fsl_clock.c:1379:9:CLOCK_OSC_GetCurrentOscRc400MTuneValue	16	static
../drivers/fsl_clock.c:1389:17:CLOCK_GetAvPllFreq	56	static
../drivers/fsl_clock.c:1413:10:CLOCK_GetPllFreq	32	static
../drivers/fsl_clock.c:1479:10:CLOCK_GetFreq	24	static
../drivers/fsl_clock.c:1593:6:CLOCK_SetGroupConfig	16	static
../drivers/fsl_clock.c:1602:6:CLOCK_OSC_TrimOscRc400M	16	static
../drivers/fsl_clock.c:1614:6:CLOCK_OSC_EnableOscRc400M	4	static
../drivers/fsl_clock.c:1620:10:CLOCK_GetFreqFromObs	16	static
../drivers/fsl_clock.c:1649:6:CLOCK_EnableUsbhs0Clock	16	static
../drivers/fsl_clock.c:1662:6:CLOCK_EnableUsbhs0PhyPllClock	24	static
../drivers/fsl_clock.c:1760:6:CLOCK_DisableUsbhs0PhyPllClock	4	static
../drivers/fsl_clock.c:1765:6:CLOCK_EnableUsbhs1Clock	16	static
../drivers/fsl_clock.c:1769:6:CLOCK_EnableUsbhs1PhyPllClock	24	static
../drivers/fsl_clock.c:1855:6:CLOCK_DisableUsbhs1PhyPllClock	4	static
../drivers/fsl_clock.c:1861:6:CLOCK_OSCPLL_ControlBySetPointMode	16	static
../drivers/fsl_clock.c:1872:6:CLOCK_OSCPLL_ControlByCpuLowPowerMode	16	static
../drivers/fsl_clock.c:1889:6:CLOCK_ROOT_ControlBySetPointMode	24	static
../drivers/fsl_clock.c:1904:6:CLOCK_LPCG_ControlBySetPointMode	16	static
../drivers/fsl_clock.c:1915:6:CLOCK_LPCG_ControlByCpuLowPowerMode	16	static
