../startup/startup_mimxrt1166_cm7.c:793:6:data_init	4	static
../startup/startup_mimxrt1166_cm7.c:807:6:bss_init	4	static
../startup/startup_mimxrt1166_cm7.c:837:6:ResetISR	0	static
../startup/startup_mimxrt1166_cm7.c:928:14:NMI_Handler	0	static
../startup/startup_mimxrt1166_cm7.c:932:14:HardFault_Handler	0	static
../startup/startup_mimxrt1166_cm7.c:936:14:MemManage_Handler	0	static
../startup/startup_mimxrt1166_cm7.c:940:14:BusFault_Handler	0	static
../startup/startup_mimxrt1166_cm7.c:944:14:UsageFault_Handler	0	static
../startup/startup_mimxrt1166_cm7.c:948:14:SVC_Handler	0	static
../startup/startup_mimxrt1166_cm7.c:952:14:DebugMon_Handler	0	static
../startup/startup_mimxrt1166_cm7.c:956:14:PendSV_Handler	0	static
../startup/startup_mimxrt1166_cm7.c:960:14:SysTick_Handler	0	static
../startup/startup_mimxrt1166_cm7.c:968:14:IntDefaultHandler	0	static
../startup/startup_mimxrt1166_cm7.c:978:11:DMA0_DMA16_IRQHandler	8	static
../startup/startup_mimxrt1166_cm7.c:982:11:DMA1_DMA17_IRQHandler	8	static
../startup/startup_mimxrt1166_cm7.c:986:11:DMA2_DMA18_IRQHandler	8	static
../startup/startup_mimxrt1166_cm7.c:990:11:DMA3_DMA19_IRQHandler	8	static
../startup/startup_mimxrt1166_cm7.c:994:11:DMA4_DMA20_IRQHandler	8	static
../startup/startup_mimxrt1166_cm7.c:998:11:DMA5_DMA21_IRQHandler	8	static
../startup/startup_mimxrt1166_cm7.c:1002:11:DMA6_DMA22_IRQHandler	8	static
../startup/startup_mimxrt1166_cm7.c:1006:11:DMA7_DMA23_IRQHandler	8	static
../startup/startup_mimxrt1166_cm7.c:1010:11:DMA8_DMA24_IRQHandler	8	static
../startup/startup_mimxrt1166_cm7.c:1014:11:DMA9_DMA25_IRQHandler	8	static
../startup/startup_mimxrt1166_cm7.c:1018:11:DMA10_DMA26_IRQHandler	8	static
../startup/startup_mimxrt1166_cm7.c:1022:11:DMA11_DMA27_IRQHandler	8	static
../startup/startup_mimxrt1166_cm7.c:1026:11:DMA12_DMA28_IRQHandler	8	static
../startup/startup_mimxrt1166_cm7.c:1030:11:DMA13_DMA29_IRQHandler	8	static
../startup/startup_mimxrt1166_cm7.c:1034:11:DMA14_DMA30_IRQHandler	8	static
../startup/startup_mimxrt1166_cm7.c:1038:11:DMA15_DMA31_IRQHandler	8	static
../startup/startup_mimxrt1166_cm7.c:1042:11:DMA_ERROR_IRQHandler	8	static
../startup/startup_mimxrt1166_cm7.c:1046:11:CTI_TRIGGER_OUT0_IRQHandler	8	static
../startup/startup_mimxrt1166_cm7.c:1050:11:CTI_TRIGGER_OUT1_IRQHandler	8	static
../startup/startup_mimxrt1166_cm7.c:1054:11:CORE_IRQHandler	8	static
../startup/startup_mimxrt1166_cm7.c:1058:11:LPUART1_IRQHandler	8	static
../startup/startup_mimxrt1166_cm7.c:1062:11:LPUART2_IRQHandler	8	static
../startup/startup_mimxrt1166_cm7.c:1066:11:LPUART3_IRQHandler	8	static
../startup/startup_mimxrt1166_cm7.c:1070:11:LPUART4_IRQHandler	8	static
../startup/startup_mimxrt1166_cm7.c:1074:11:LPUART5_IRQHandler	8	static
../startup/startup_mimxrt1166_cm7.c:1078:11:LPUART6_IRQHandler	8	static
../startup/startup_mimxrt1166_cm7.c:1082:11:LPUART7_IRQHandler	8	static
../startup/startup_mimxrt1166_cm7.c:1086:11:LPUART8_IRQHandler	8	static
../startup/startup_mimxrt1166_cm7.c:1090:11:LPUART9_IRQHandler	8	static
../startup/startup_mimxrt1166_cm7.c:1094:11:LPUART10_IRQHandler	8	static
../startup/startup_mimxrt1166_cm7.c:1098:11:LPUART11_IRQHandler	8	static
../startup/startup_mimxrt1166_cm7.c:1102:11:LPUART12_IRQHandler	8	static
../startup/startup_mimxrt1166_cm7.c:1106:11:LPI2C1_IRQHandler	8	static
../startup/startup_mimxrt1166_cm7.c:1110:11:LPI2C2_IRQHandler	8	static
../startup/startup_mimxrt1166_cm7.c:1114:11:LPI2C3_IRQHandler	8	static
../startup/startup_mimxrt1166_cm7.c:1118:11:LPI2C4_IRQHandler	8	static
../startup/startup_mimxrt1166_cm7.c:1122:11:LPI2C5_IRQHandler	8	static
../startup/startup_mimxrt1166_cm7.c:1126:11:LPI2C6_IRQHandler	8	static
../startup/startup_mimxrt1166_cm7.c:1130:11:LPSPI1_IRQHandler	8	static
../startup/startup_mimxrt1166_cm7.c:1134:11:LPSPI2_IRQHandler	8	static
../startup/startup_mimxrt1166_cm7.c:1138:11:LPSPI3_IRQHandler	8	static
../startup/startup_mimxrt1166_cm7.c:1142:11:LPSPI4_IRQHandler	8	static
../startup/startup_mimxrt1166_cm7.c:1146:11:LPSPI5_IRQHandler	8	static
../startup/startup_mimxrt1166_cm7.c:1150:11:LPSPI6_IRQHandler	8	static
../startup/startup_mimxrt1166_cm7.c:1154:11:CAN1_IRQHandler	8	static
../startup/startup_mimxrt1166_cm7.c:1158:11:CAN1_ERROR_IRQHandler	8	static
../startup/startup_mimxrt1166_cm7.c:1162:11:CAN2_IRQHandler	8	static
../startup/startup_mimxrt1166_cm7.c:1166:11:CAN2_ERROR_IRQHandler	8	static
../startup/startup_mimxrt1166_cm7.c:1170:11:CAN3_IRQHandler	8	static
../startup/startup_mimxrt1166_cm7.c:1174:11:CAN3_ERROR_IRQHandler	8	static
../startup/startup_mimxrt1166_cm7.c:1178:11:FLEXRAM_IRQHandler	8	static
../startup/startup_mimxrt1166_cm7.c:1182:11:KPP_IRQHandler	8	static
../startup/startup_mimxrt1166_cm7.c:1186:11:Reserved68_IRQHandler	8	static
../startup/startup_mimxrt1166_cm7.c:1190:11:GPR_IRQ_IRQHandler	8	static
../startup/startup_mimxrt1166_cm7.c:1194:11:eLCDIF_IRQHandler	8	static
../startup/startup_mimxrt1166_cm7.c:1198:11:LCDIFv2_IRQHandler	8	static
../startup/startup_mimxrt1166_cm7.c:1202:11:CSI_IRQHandler	8	static
../startup/startup_mimxrt1166_cm7.c:1206:11:PXP_IRQHandler	8	static
../startup/startup_mimxrt1166_cm7.c:1210:11:MIPI_CSI_IRQHandler	8	static
../startup/startup_mimxrt1166_cm7.c:1214:11:MIPI_DSI_IRQHandler	8	static
../startup/startup_mimxrt1166_cm7.c:1218:11:GPU2D_IRQHandler	8	static
../startup/startup_mimxrt1166_cm7.c:1222:11:GPIO6_Combined_0_15_IRQHandler	8	static
../startup/startup_mimxrt1166_cm7.c:1226:11:GPIO6_Combined_16_31_IRQHandler	8	static
../startup/startup_mimxrt1166_cm7.c:1230:11:DAC_IRQHandler	8	static
../startup/startup_mimxrt1166_cm7.c:1234:11:KEY_MANAGER_IRQHandler	8	static
../startup/startup_mimxrt1166_cm7.c:1238:11:WDOG2_IRQHandler	8	static
../startup/startup_mimxrt1166_cm7.c:1242:11:SNVS_HP_NON_TZ_IRQHandler	8	static
../startup/startup_mimxrt1166_cm7.c:1246:11:SNVS_HP_TZ_IRQHandler	8	static
../startup/startup_mimxrt1166_cm7.c:1250:11:SNVS_PULSE_EVENT_IRQHandler	8	static
../startup/startup_mimxrt1166_cm7.c:1254:11:CAAM_IRQ0_IRQHandler	8	static
../startup/startup_mimxrt1166_cm7.c:1258:11:CAAM_IRQ1_IRQHandler	8	static
../startup/startup_mimxrt1166_cm7.c:1262:11:CAAM_IRQ2_IRQHandler	8	static
../startup/startup_mimxrt1166_cm7.c:1266:11:CAAM_IRQ3_IRQHandler	8	static
../startup/startup_mimxrt1166_cm7.c:1270:11:CAAM_RECORVE_ERRPR_IRQHandler	8	static
../startup/startup_mimxrt1166_cm7.c:1274:11:CAAM_RTIC_IRQHandler	8	static
../startup/startup_mimxrt1166_cm7.c:1278:11:CDOG_IRQHandler	8	static
../startup/startup_mimxrt1166_cm7.c:1282:11:SAI1_IRQHandler	8	static
../startup/startup_mimxrt1166_cm7.c:1286:11:SAI2_IRQHandler	8	static
../startup/startup_mimxrt1166_cm7.c:1290:11:SAI3_RX_IRQHandler	8	static
../startup/startup_mimxrt1166_cm7.c:1294:11:SAI3_TX_IRQHandler	8	static
../startup/startup_mimxrt1166_cm7.c:1298:11:SAI4_RX_IRQHandler	8	static
../startup/startup_mimxrt1166_cm7.c:1302:11:SAI4_TX_IRQHandler	8	static
../startup/startup_mimxrt1166_cm7.c:1306:11:SPDIF_IRQHandler	8	static
../startup/startup_mimxrt1166_cm7.c:1310:11:TMPSNS_INT_IRQHandler	8	static
../startup/startup_mimxrt1166_cm7.c:1314:11:TMPSNS_LOW_HIGH_IRQHandler	8	static
../startup/startup_mimxrt1166_cm7.c:1318:11:TMPSNS_PANIC_IRQHandler	8	static
../startup/startup_mimxrt1166_cm7.c:1322:11:LPSR_LP8_BROWNOUT_IRQHandler	8	static
../startup/startup_mimxrt1166_cm7.c:1326:11:LPSR_LP0_BROWNOUT_IRQHandler	8	static
../startup/startup_mimxrt1166_cm7.c:1330:11:ADC1_IRQHandler	8	static
../startup/startup_mimxrt1166_cm7.c:1334:11:ADC2_IRQHandler	8	static
../startup/startup_mimxrt1166_cm7.c:1338:11:USBPHY1_IRQHandler	8	static
../startup/startup_mimxrt1166_cm7.c:1342:11:USBPHY2_IRQHandler	8	static
../startup/startup_mimxrt1166_cm7.c:1346:11:RDC_IRQHandler	8	static
../startup/startup_mimxrt1166_cm7.c:1350:11:GPIO13_Combined_0_31_IRQHandler	8	static
../startup/startup_mimxrt1166_cm7.c:1354:11:Reserved110_IRQHandler	8	static
../startup/startup_mimxrt1166_cm7.c:1358:11:DCIC1_IRQHandler	8	static
../startup/startup_mimxrt1166_cm7.c:1362:11:DCIC2_IRQHandler	8	static
../startup/startup_mimxrt1166_cm7.c:1366:11:ASRC_IRQHandler	8	static
../startup/startup_mimxrt1166_cm7.c:1370:11:FLEXRAM_ECC_IRQHandler	8	static
../startup/startup_mimxrt1166_cm7.c:1374:11:CM7_GPIO2_3_IRQHandler	8	static
../startup/startup_mimxrt1166_cm7.c:1378:11:GPIO1_Combined_0_15_IRQHandler	8	static
../startup/startup_mimxrt1166_cm7.c:1382:11:GPIO1_Combined_16_31_IRQHandler	8	static
../startup/startup_mimxrt1166_cm7.c:1386:11:GPIO2_Combined_0_15_IRQHandler	8	static
../startup/startup_mimxrt1166_cm7.c:1390:11:GPIO2_Combined_16_31_IRQHandler	8	static
../startup/startup_mimxrt1166_cm7.c:1394:11:GPIO3_Combined_0_15_IRQHandler	8	static
../startup/startup_mimxrt1166_cm7.c:1398:11:GPIO3_Combined_16_31_IRQHandler	8	static
../startup/startup_mimxrt1166_cm7.c:1402:11:GPIO4_Combined_0_15_IRQHandler	8	static
../startup/startup_mimxrt1166_cm7.c:1406:11:GPIO4_Combined_16_31_IRQHandler	8	static
../startup/startup_mimxrt1166_cm7.c:1410:11:GPIO5_Combined_0_15_IRQHandler	8	static
../startup/startup_mimxrt1166_cm7.c:1414:11:GPIO5_Combined_16_31_IRQHandler	8	static
../startup/startup_mimxrt1166_cm7.c:1418:11:FLEXIO1_IRQHandler	8	static
../startup/startup_mimxrt1166_cm7.c:1422:11:FLEXIO2_IRQHandler	8	static
../startup/startup_mimxrt1166_cm7.c:1426:11:WDOG1_IRQHandler	8	static
../startup/startup_mimxrt1166_cm7.c:1430:11:RTWDOG3_IRQHandler	8	static
../startup/startup_mimxrt1166_cm7.c:1434:11:EWM_IRQHandler	8	static
../startup/startup_mimxrt1166_cm7.c:1438:11:OCOTP_READ_FUSE_ERROR_IRQHandler	8	static
../startup/startup_mimxrt1166_cm7.c:1442:11:OCOTP_READ_DONE_ERROR_IRQHandler	8	static
../startup/startup_mimxrt1166_cm7.c:1446:11:GPC_IRQHandler	8	static
../startup/startup_mimxrt1166_cm7.c:1450:11:MUA_IRQHandler	8	static
../startup/startup_mimxrt1166_cm7.c:1454:11:GPT1_IRQHandler	8	static
../startup/startup_mimxrt1166_cm7.c:1458:11:GPT2_IRQHandler	8	static
../startup/startup_mimxrt1166_cm7.c:1462:11:GPT3_IRQHandler	8	static
../startup/startup_mimxrt1166_cm7.c:1466:11:GPT4_IRQHandler	8	static
../startup/startup_mimxrt1166_cm7.c:1470:11:GPT5_IRQHandler	8	static
../startup/startup_mimxrt1166_cm7.c:1474:11:GPT6_IRQHandler	8	static
../startup/startup_mimxrt1166_cm7.c:1478:11:PWM1_0_IRQHandler	8	static
../startup/startup_mimxrt1166_cm7.c:1482:11:PWM1_1_IRQHandler	8	static
../startup/startup_mimxrt1166_cm7.c:1486:11:PWM1_2_IRQHandler	8	static
../startup/startup_mimxrt1166_cm7.c:1490:11:PWM1_3_IRQHandler	8	static
../startup/startup_mimxrt1166_cm7.c:1494:11:PWM1_FAULT_IRQHandler	8	static
../startup/startup_mimxrt1166_cm7.c:1498:11:FLEXSPI1_IRQHandler	8	static
../startup/startup_mimxrt1166_cm7.c:1502:11:FLEXSPI2_IRQHandler	8	static
../startup/startup_mimxrt1166_cm7.c:1506:11:SEMC_IRQHandler	8	static
../startup/startup_mimxrt1166_cm7.c:1510:11:USDHC1_IRQHandler	8	static
../startup/startup_mimxrt1166_cm7.c:1514:11:USDHC2_IRQHandler	8	static
../startup/startup_mimxrt1166_cm7.c:1518:11:USB_OTG2_IRQHandler	8	static
../startup/startup_mimxrt1166_cm7.c:1522:11:USB_OTG1_IRQHandler	8	static
../startup/startup_mimxrt1166_cm7.c:1526:11:ENET_IRQHandler	8	static
../startup/startup_mimxrt1166_cm7.c:1530:11:ENET_1588_Timer_IRQHandler	8	static
../startup/startup_mimxrt1166_cm7.c:1534:11:ENET_1G_MAC0_Tx_Rx_1_IRQHandler	8	static
../startup/startup_mimxrt1166_cm7.c:1538:11:ENET_1G_MAC0_Tx_Rx_2_IRQHandler	8	static
../startup/startup_mimxrt1166_cm7.c:1542:11:ENET_1G_IRQHandler	8	static
../startup/startup_mimxrt1166_cm7.c:1546:11:ENET_1G_1588_Timer_IRQHandler	8	static
../startup/startup_mimxrt1166_cm7.c:1550:11:XBAR1_IRQ_0_1_IRQHandler	8	static
../startup/startup_mimxrt1166_cm7.c:1554:11:XBAR1_IRQ_2_3_IRQHandler	8	static
../startup/startup_mimxrt1166_cm7.c:1558:11:ADC_ETC_IRQ0_IRQHandler	8	static
../startup/startup_mimxrt1166_cm7.c:1562:11:ADC_ETC_IRQ1_IRQHandler	8	static
../startup/startup_mimxrt1166_cm7.c:1566:11:ADC_ETC_IRQ2_IRQHandler	8	static
../startup/startup_mimxrt1166_cm7.c:1570:11:ADC_ETC_IRQ3_IRQHandler	8	static
../startup/startup_mimxrt1166_cm7.c:1574:11:ADC_ETC_ERROR_IRQ_IRQHandler	8	static
../startup/startup_mimxrt1166_cm7.c:1578:11:Reserved166_IRQHandler	8	static
../startup/startup_mimxrt1166_cm7.c:1582:11:Reserved167_IRQHandler	8	static
../startup/startup_mimxrt1166_cm7.c:1586:11:Reserved168_IRQHandler	8	static
../startup/startup_mimxrt1166_cm7.c:1590:11:Reserved169_IRQHandler	8	static
../startup/startup_mimxrt1166_cm7.c:1594:11:Reserved170_IRQHandler	8	static
../startup/startup_mimxrt1166_cm7.c:1598:11:PIT1_IRQHandler	8	static
../startup/startup_mimxrt1166_cm7.c:1602:11:PIT2_IRQHandler	8	static
../startup/startup_mimxrt1166_cm7.c:1606:11:ACMP1_IRQHandler	8	static
../startup/startup_mimxrt1166_cm7.c:1610:11:ACMP2_IRQHandler	8	static
../startup/startup_mimxrt1166_cm7.c:1614:11:ACMP3_IRQHandler	8	static
../startup/startup_mimxrt1166_cm7.c:1618:11:ACMP4_IRQHandler	8	static
../startup/startup_mimxrt1166_cm7.c:1622:11:Reserved177_IRQHandler	8	static
../startup/startup_mimxrt1166_cm7.c:1626:11:Reserved178_IRQHandler	8	static
../startup/startup_mimxrt1166_cm7.c:1630:11:Reserved179_IRQHandler	8	static
../startup/startup_mimxrt1166_cm7.c:1634:11:Reserved180_IRQHandler	8	static
../startup/startup_mimxrt1166_cm7.c:1638:11:ENC1_IRQHandler	8	static
../startup/startup_mimxrt1166_cm7.c:1642:11:ENC2_IRQHandler	8	static
../startup/startup_mimxrt1166_cm7.c:1646:11:ENC3_IRQHandler	8	static
../startup/startup_mimxrt1166_cm7.c:1650:11:ENC4_IRQHandler	8	static
../startup/startup_mimxrt1166_cm7.c:1654:11:Reserved185_IRQHandler	8	static
../startup/startup_mimxrt1166_cm7.c:1658:11:Reserved186_IRQHandler	8	static
../startup/startup_mimxrt1166_cm7.c:1662:11:TMR1_IRQHandler	8	static
../startup/startup_mimxrt1166_cm7.c:1666:11:TMR2_IRQHandler	8	static
../startup/startup_mimxrt1166_cm7.c:1670:11:TMR3_IRQHandler	8	static
../startup/startup_mimxrt1166_cm7.c:1674:11:TMR4_IRQHandler	8	static
../startup/startup_mimxrt1166_cm7.c:1678:11:SEMA4_CP0_IRQHandler	8	static
../startup/startup_mimxrt1166_cm7.c:1682:11:SEMA4_CP1_IRQHandler	8	static
../startup/startup_mimxrt1166_cm7.c:1686:11:PWM2_0_IRQHandler	8	static
../startup/startup_mimxrt1166_cm7.c:1690:11:PWM2_1_IRQHandler	8	static
../startup/startup_mimxrt1166_cm7.c:1694:11:PWM2_2_IRQHandler	8	static
../startup/startup_mimxrt1166_cm7.c:1698:11:PWM2_3_IRQHandler	8	static
../startup/startup_mimxrt1166_cm7.c:1702:11:PWM2_FAULT_IRQHandler	8	static
../startup/startup_mimxrt1166_cm7.c:1706:11:PWM3_0_IRQHandler	8	static
../startup/startup_mimxrt1166_cm7.c:1710:11:PWM3_1_IRQHandler	8	static
../startup/startup_mimxrt1166_cm7.c:1714:11:PWM3_2_IRQHandler	8	static
../startup/startup_mimxrt1166_cm7.c:1718:11:PWM3_3_IRQHandler	8	static
../startup/startup_mimxrt1166_cm7.c:1722:11:PWM3_FAULT_IRQHandler	8	static
../startup/startup_mimxrt1166_cm7.c:1726:11:PWM4_0_IRQHandler	8	static
../startup/startup_mimxrt1166_cm7.c:1730:11:PWM4_1_IRQHandler	8	static
../startup/startup_mimxrt1166_cm7.c:1734:11:PWM4_2_IRQHandler	8	static
../startup/startup_mimxrt1166_cm7.c:1738:11:PWM4_3_IRQHandler	8	static
../startup/startup_mimxrt1166_cm7.c:1742:11:PWM4_FAULT_IRQHandler	8	static
../startup/startup_mimxrt1166_cm7.c:1746:11:Reserved208_IRQHandler	8	static
../startup/startup_mimxrt1166_cm7.c:1750:11:Reserved209_IRQHandler	8	static
../startup/startup_mimxrt1166_cm7.c:1754:11:Reserved210_IRQHandler	8	static
../startup/startup_mimxrt1166_cm7.c:1758:11:Reserved211_IRQHandler	8	static
../startup/startup_mimxrt1166_cm7.c:1762:11:Reserved212_IRQHandler	8	static
../startup/startup_mimxrt1166_cm7.c:1766:11:Reserved213_IRQHandler	8	static
../startup/startup_mimxrt1166_cm7.c:1770:11:Reserved214_IRQHandler	8	static
../startup/startup_mimxrt1166_cm7.c:1774:11:Reserved215_IRQHandler	8	static
../startup/startup_mimxrt1166_cm7.c:1778:11:PDM_HWVAD_EVENT_IRQHandler	8	static
../startup/startup_mimxrt1166_cm7.c:1782:11:PDM_HWVAD_ERROR_IRQHandler	8	static
../startup/startup_mimxrt1166_cm7.c:1786:11:PDM_EVENT_IRQHandler	8	static
../startup/startup_mimxrt1166_cm7.c:1790:11:PDM_ERROR_IRQHandler	8	static
../startup/startup_mimxrt1166_cm7.c:1794:11:EMVSIM1_IRQHandler	8	static
../startup/startup_mimxrt1166_cm7.c:1798:11:EMVSIM2_IRQHandler	8	static
../startup/startup_mimxrt1166_cm7.c:1802:11:MECC1_INT_IRQHandler	8	static
../startup/startup_mimxrt1166_cm7.c:1806:11:MECC1_FATAL_INT_IRQHandler	8	static
../startup/startup_mimxrt1166_cm7.c:1810:11:MECC2_INT_IRQHandler	8	static
../startup/startup_mimxrt1166_cm7.c:1814:11:MECC2_FATAL_INT_IRQHandler	8	static
../startup/startup_mimxrt1166_cm7.c:1818:11:XECC_FLEXSPI1_INT_IRQHandler	8	static
../startup/startup_mimxrt1166_cm7.c:1822:11:XECC_FLEXSPI1_FATAL_INT_IRQHandler	8	static
../startup/startup_mimxrt1166_cm7.c:1826:11:XECC_FLEXSPI2_INT_IRQHandler	8	static
../startup/startup_mimxrt1166_cm7.c:1830:11:XECC_FLEXSPI2_FATAL_INT_IRQHandler	8	static
../startup/startup_mimxrt1166_cm7.c:1834:11:XECC_SEMC_INT_IRQHandler	8	static
../startup/startup_mimxrt1166_cm7.c:1838:11:XECC_SEMC_FATAL_INT_IRQHandler	8	static
